Archive member included to satisfy reference by file (symbol)

lib/lcd/liblcd.a(lcd.c.obj)   CMakeFiles/main.dir/main.c.obj (lcd_setatt)
lib/QMI8658/libQMI8658.a(QMI8658.c.obj)
                              CMakeFiles/main.dir/main.c.obj (QMI8658_readTemp)
/Applications/ArmGNUToolchain/12.2.rel1/arm-none-eabi/bin/../lib/gcc/arm-none-eabi/12.2.1/thumb/v6-m/nofp/libgcc.a(_dvmd_tls.o)
                              CMakeFiles/main.dir/pico-sdk/src/rp2_common/pico_divider/divider.S.obj (__aeabi_idiv0)
/Applications/ArmGNUToolchain/12.2.rel1/arm-none-eabi/bin/../lib/gcc/arm-none-eabi/12.2.1/../../../../arm-none-eabi/lib/thumb/v6-m/nofp/libc.a(libc_a-atoi.o)
                              CMakeFiles/main.dir/main.c.obj (atoi)
/Applications/ArmGNUToolchain/12.2.rel1/arm-none-eabi/bin/../lib/gcc/arm-none-eabi/12.2.1/../../../../arm-none-eabi/lib/thumb/v6-m/nofp/libc.a(libc_a-calloc.o)
                              CMakeFiles/main.dir/pico-sdk/src/rp2_common/pico_malloc/pico_malloc.c.obj (calloc)
/Applications/ArmGNUToolchain/12.2.rel1/arm-none-eabi/bin/../lib/gcc/arm-none-eabi/12.2.1/../../../../arm-none-eabi/lib/thumb/v6-m/nofp/libc.a(libc_a-callocr.o)
                              /Applications/ArmGNUToolchain/12.2.rel1/arm-none-eabi/bin/../lib/gcc/arm-none-eabi/12.2.1/../../../../arm-none-eabi/lib/thumb/v6-m/nofp/libc.a(libc_a-calloc.o) (_calloc_r)
/Applications/ArmGNUToolchain/12.2.rel1/arm-none-eabi/bin/../lib/gcc/arm-none-eabi/12.2.1/../../../../arm-none-eabi/lib/thumb/v6-m/nofp/libc.a(libc_a-malloc.o)
                              CMakeFiles/main.dir/pico-sdk/src/rp2_common/pico_malloc/pico_malloc.c.obj (malloc)
/Applications/ArmGNUToolchain/12.2.rel1/arm-none-eabi/bin/../lib/gcc/arm-none-eabi/12.2.1/../../../../arm-none-eabi/lib/thumb/v6-m/nofp/libc.a(libc_a-mallocr.o)
                              /Applications/ArmGNUToolchain/12.2.rel1/arm-none-eabi/bin/../lib/gcc/arm-none-eabi/12.2.1/../../../../arm-none-eabi/lib/thumb/v6-m/nofp/libc.a(libc_a-callocr.o) (_malloc_r)
/Applications/ArmGNUToolchain/12.2.rel1/arm-none-eabi/bin/../lib/gcc/arm-none-eabi/12.2.1/../../../../arm-none-eabi/lib/thumb/v6-m/nofp/libc.a(libc_a-mlock.o)
                              /Applications/ArmGNUToolchain/12.2.rel1/arm-none-eabi/bin/../lib/gcc/arm-none-eabi/12.2.1/../../../../arm-none-eabi/lib/thumb/v6-m/nofp/libc.a(libc_a-mallocr.o) (__malloc_lock)
/Applications/ArmGNUToolchain/12.2.rel1/arm-none-eabi/bin/../lib/gcc/arm-none-eabi/12.2.1/../../../../arm-none-eabi/lib/thumb/v6-m/nofp/libc.a(libc_a-realloc.o)
                              CMakeFiles/main.dir/pico-sdk/src/rp2_common/pico_malloc/pico_malloc.c.obj (realloc)
/Applications/ArmGNUToolchain/12.2.rel1/arm-none-eabi/bin/../lib/gcc/arm-none-eabi/12.2.1/../../../../arm-none-eabi/lib/thumb/v6-m/nofp/libc.a(libc_a-reallocr.o)
                              /Applications/ArmGNUToolchain/12.2.rel1/arm-none-eabi/bin/../lib/gcc/arm-none-eabi/12.2.1/../../../../arm-none-eabi/lib/thumb/v6-m/nofp/libc.a(libc_a-realloc.o) (_realloc_r)
/Applications/ArmGNUToolchain/12.2.rel1/arm-none-eabi/bin/../lib/gcc/arm-none-eabi/12.2.1/../../../../arm-none-eabi/lib/thumb/v6-m/nofp/libc.a(libc_a-strtol.o)
                              /Applications/ArmGNUToolchain/12.2.rel1/arm-none-eabi/bin/../lib/gcc/arm-none-eabi/12.2.1/../../../../arm-none-eabi/lib/thumb/v6-m/nofp/libc.a(libc_a-atoi.o) (_strtol_r)
/Applications/ArmGNUToolchain/12.2.rel1/arm-none-eabi/bin/../lib/gcc/arm-none-eabi/12.2.1/../../../../arm-none-eabi/lib/thumb/v6-m/nofp/libc.a(libc_a-memmove.o)
                              /Applications/ArmGNUToolchain/12.2.rel1/arm-none-eabi/bin/../lib/gcc/arm-none-eabi/12.2.1/../../../../arm-none-eabi/lib/thumb/v6-m/nofp/libc.a(libc_a-reallocr.o) (memmove)
/Applications/ArmGNUToolchain/12.2.rel1/arm-none-eabi/bin/../lib/gcc/arm-none-eabi/12.2.1/../../../../arm-none-eabi/lib/thumb/v6-m/nofp/libc.a(libc_a-strchr.o)
                              CMakeFiles/main.dir/main.c.obj (strchr)
/Applications/ArmGNUToolchain/12.2.rel1/arm-none-eabi/bin/../lib/gcc/arm-none-eabi/12.2.1/../../../../arm-none-eabi/lib/thumb/v6-m/nofp/libc.a(libc_a-strstr.o)
                              CMakeFiles/main.dir/main.c.obj (strstr)
/Applications/ArmGNUToolchain/12.2.rel1/arm-none-eabi/bin/../lib/gcc/arm-none-eabi/12.2.1/../../../../arm-none-eabi/lib/thumb/v6-m/nofp/libc.a(libc_a-impure.o)
                              /Applications/ArmGNUToolchain/12.2.rel1/arm-none-eabi/bin/../lib/gcc/arm-none-eabi/12.2.1/../../../../arm-none-eabi/lib/thumb/v6-m/nofp/libc.a(libc_a-calloc.o) (_impure_ptr)
/Applications/ArmGNUToolchain/12.2.rel1/arm-none-eabi/bin/../lib/gcc/arm-none-eabi/12.2.1/../../../../arm-none-eabi/lib/thumb/v6-m/nofp/libc.a(libc_a-sbrkr.o)
                              /Applications/ArmGNUToolchain/12.2.rel1/arm-none-eabi/bin/../lib/gcc/arm-none-eabi/12.2.1/../../../../arm-none-eabi/lib/thumb/v6-m/nofp/libc.a(libc_a-mallocr.o) (_sbrk_r)
[...]
Memory Configuration

Name             Origin             Length             Attributes
FLASH            0x0000000010000000 0x0000000000200000 xr
RAM              0x0000000020000000 0x0000000000040000 xrw
SCRATCH_X        0x0000000020040000 0x0000000000001000 xrw
SCRATCH_Y        0x0000000020041000 0x0000000000001000 xrw
*default*        0x0000000000000000 0xffffffffffffffff

Linker script and memory map

LOAD /Applications/ArmGNUToolchain/12.2.rel1/arm-none-eabi/bin/../lib/gcc/arm-none-eabi/12.2.1/thumb/v6-m/nofp/crti.o
LOAD /Applications/ArmGNUToolchain/12.2.rel1/arm-none-eabi/bin/../lib/gcc/arm-none-eabi/12.2.1/thumb/v6-m/nofp/crtbegin.o
LOAD /Applications/ArmGNUToolchain/12.2.rel1/arm-none-eabi/bin/../lib/gcc/arm-none-eabi/12.2.1/../../../../arm-none-eabi/lib/thumb/v6-m/nofp/crt0.o

.flash_begin    0x0000000010000000        0x0
                0x0000000010000000                __flash_binary_start = .

.boot2          0x0000000010000000      0x100
                0x0000000010000000                __boot2_start__ = .
 *(.boot2)
 .boot2         0x0000000010000000      0x100 /var/folders/m0/ttff6rr55_j_jmymkq5bkjhr0000gn/T//ccm7S537.o
                0x0000000010000100                __boot2_end__ = .
                0x0000000000000001                ASSERT (((__boot2_end__ - __boot2_start__) == 0x100), ERROR: Pico second stage bootloader must be 256 bytes in size)

.text           0x0000000010000100     0xf0f8
                0x0000000010000100                __logical_binary_start = .
 *(.vectors)
 .vectors       0x0000000010000100       0xd4 CMakeFiles/main.dir/pico-sdk/src/rp2_common/pico_standard_link/crt0.S.obj
                0x0000000010000100                __VECTOR_TABLE
                0x0000000010000100                __vectors
                0x00000000100001c0                __default_isrs_start
                0x00000000100001c0                isr_invalid
                0x00000000100001c2                isr_nmi
                0x00000000100001c4                isr_hardfault
                0x00000000100001c6                isr_svcall
                0x00000000100001c8                isr_pendsv
                0x00000000100001ca                isr_systick
                0x00000000100001cc                isr_irq28
                0x00000000100001cc                isr_irq19
                0x00000000100001cc                isr_irq0
                0x00000000100001cc                isr_irq6
                0x00000000100001cc                isr_irq22
                0x00000000100001cc                isr_irq17
                0x00000000100001cc                isr_irq14
                0x00000000100001cc                isr_irq2
                0x00000000100001cc                isr_irq10
                0x00000000100001cc                isr_irq8
                0x00000000100001cc                isr_irq24
                0x00000000100001cc                isr_irq1
                0x00000000100001cc                isr_irq7
                0x00000000100001cc                isr_irq21
                0x00000000100001cc                isr_irq20
                0x00000000100001cc                isr_irq15
                0x00000000100001cc                isr_irq25
                0x00000000100001cc                isr_irq4
                0x00000000100001cc                isr_irq16
                0x00000000100001cc                isr_irq29
                0x00000000100001cc                isr_irq26
                0x00000000100001cc                __default_isrs_end
                0x00000000100001cc                isr_irq3
                0x00000000100001cc                isr_irq9
                0x00000000100001cc                __unhandled_user_irq
                0x00000000100001cc                isr_irq13
                0x00000000100001cc                isr_irq27
                0x00000000100001cc                isr_irq31
                0x00000000100001cc                isr_irq5
                0x00000000100001cc                isr_irq11
                0x00000000100001cc                isr_irq23
                0x00000000100001cc                isr_irq18
                0x00000000100001cc                isr_irq30
                0x00000000100001cc                isr_irq12
                0x00000000100001d2                unhandled_user_irq_num_in_r0
 *(.binary_info_header)
 .binary_info_header
                0x00000000100001d4       0x14 CMakeFiles/main.dir/pico-sdk/src/rp2_common/pico_standard_link/crt0.S.obj
                0x00000000100001e8                __binary_info_header_end = .
 *(.reset)
 .reset         0x00000000100001e8       0xa8 CMakeFiles/main.dir/pico-sdk/src/rp2_common/pico_standard_link/crt0.S.obj
                0x00000000100001e8                _entry_point
                0x0000000010000266                __get_current_exception
 .reset         0x0000000010000290       0x30 CMakeFiles/main.dir/pico-sdk/src/rp2_common/pico_standard_link/binary_info.c.obj
 *(.init)
 .init          0x00000000100002c0        0x4 /Applications/ArmGNUToolchain/12.2.rel1/arm-none-eabi/bin/../lib/gcc/arm-none-eabi/12.2.1/thumb/v6-m/nofp/crti.o
                0x00000000100002c0                _init
 *(EXCLUDE_FILE(*libm.a: *libc.a:*lib_a-mem*.o *libgcc.a:) .text*)
 .text.register_tm_clones
                0x00000000100002c4       0x28 /Applications/ArmGNUToolchain/12.2.rel1/arm-none-eabi/bin/../lib/gcc/arm-none-eabi/12.2.1/thumb/v6-m/nofp/crtbegin.o
 .text.frame_dummy
                0x00000000100002ec       0x24 /Applications/ArmGNUToolchain/12.2.rel1/arm-none-eabi/bin/../lib/gcc/arm-none-eabi/12.2.1/thumb/v6-m/nofp/crtbegin.o
 .text.empty_deinit
                0x0000000010000310       0xa4 CMakeFiles/main.dir/main.c.obj
                0x0000000010000310                empty_deinit
 .text.gpio_callback
                0x00000000100003b4      0x1dc CMakeFiles/main.dir/main.c.obj
                0x00000000100003b4                gpio_callback
 .text.read_battery
                0x0000000010000590       0xb4 CMakeFiles/main.dir/main.c.obj
                0x0000000010000590                read_battery
 .text.update_pos_matrix
                0x0000000010000644       0x3c CMakeFiles/main.dir/main.c.obj
                0x0000000010000644                update_pos_matrix
 .text.check_save_data
                0x0000000010000680      0x24c CMakeFiles/main.dir/main.c.obj
                0x0000000010000680                check_save_data
 .text.doreset  0x00000000100008cc       0x1c CMakeFiles/main.dir/main.c.obj
                0x00000000100008cc                doreset
 .text.convert_cs
                0x00000000100008e8       0x7c CMakeFiles/main.dir/main.c.obj
                0x00000000100008e8                convert_cs
 .text.draw_text.part.0
                0x0000000010000964      0x3a8 CMakeFiles/main.dir/main.c.obj
 .text.print_font_table
                0x0000000010000d0c      0x224 CMakeFiles/main.dir/main.c.obj
                0x0000000010000d0c                print_font_table
 .text.command  0x0000000010000f30      0x9d4 CMakeFiles/main.dir/main.c.obj
                0x0000000010000f30                command
 .text.shell    0x0000000010001904       0x84 CMakeFiles/main.dir/main.c.obj
                0x0000000010001904                shell
 .text.draw_init
                0x0000000010001988       0x40 CMakeFiles/main.dir/main.c.obj
                0x0000000010001988                draw_init
 .text.draw_clock_hands
                0x00000000100019c8      0x3c4 CMakeFiles/main.dir/main.c.obj
                0x00000000100019c8                draw_clock_hands
 .text.draw_gfx.part.0
                0x0000000010001d8c      0x82c CMakeFiles/main.dir/main.c.obj
 .text.startup.main
                0x00000000100025b8     0x1c30 CMakeFiles/main.dir/main.c.obj
                0x00000000100025b8                main
 .text.DOImage_new
                0x00000000100041e8       0x48 CMakeFiles/main.dir/lib/draw.c.obj
                0x00000000100041e8                DOImage_new
 .text.draw_doimage
                0x0000000010004230       0x20 CMakeFiles/main.dir/lib/draw.c.obj
                0x0000000010004230                draw_doimage
 .text.draw_pointer_mode
                0x0000000010004250       0x74 CMakeFiles/main.dir/lib/draw.c.obj
                0x0000000010004250                draw_pointer_mode
 .text.gpio_default_irq_handler
                0x00000000100042c4      0x204 CMakeFiles/main.dir/pico-sdk/src/rp2_common/hardware_gpio/gpio.c.obj
 .text.gpio_set_function
                0x00000000100044c8       0x30 CMakeFiles/main.dir/pico-sdk/src/rp2_common/hardware_gpio/gpio.c.obj
                0x00000000100044c8                gpio_set_function
 .text.gpio_set_pulls
                0x00000000100044f8       0x24 CMakeFiles/main.dir/pico-sdk/src/rp2_common/hardware_gpio/gpio.c.obj
                0x00000000100044f8                gpio_set_pulls
 .text.gpio_set_irq_enabled
                0x000000001000451c       0x54 CMakeFiles/main.dir/pico-sdk/src/rp2_common/hardware_gpio/gpio.c.obj
                0x000000001000451c                gpio_set_irq_enabled
 .text.gpio_set_irq_enabled_with_callback
                0x0000000010004570       0xc4 CMakeFiles/main.dir/pico-sdk/src/rp2_common/hardware_gpio/gpio.c.obj
                0x0000000010004570                gpio_set_irq_enabled_with_callback
 .text.gpio_set_input_enabled
                0x0000000010004634       0x28 CMakeFiles/main.dir/pico-sdk/src/rp2_common/hardware_gpio/gpio.c.obj
                0x0000000010004634                gpio_set_input_enabled
 .text.gpio_init
                0x000000001000465c       0x3c CMakeFiles/main.dir/pico-sdk/src/rp2_common/hardware_gpio/gpio.c.obj
                0x000000001000465c                gpio_init
 .text.hw_claim_or_assert
                0x0000000010004698       0x44 CMakeFiles/main.dir/pico-sdk/src/rp2_common/hardware_claim/claim.c.obj
                0x0000000010004698                hw_claim_or_assert
 .text.running_on_fpga
                0x00000000100046dc       0x10 CMakeFiles/main.dir/pico-sdk/src/rp2_common/pico_platform/platform.c.obj
                0x00000000100046dc                running_on_fpga
 .text.spin_locks_reset
                0x00000000100046ec       0x1c CMakeFiles/main.dir/pico-sdk/src/rp2_common/hardware_sync/sync.c.obj
                0x00000000100046ec                spin_locks_reset
 .text.next_striped_spin_lock_num
                0x0000000010004708       0x18 CMakeFiles/main.dir/pico-sdk/src/rp2_common/hardware_sync/sync.c.obj
                0x0000000010004708                next_striped_spin_lock_num
 .text.irq_set_enabled
                0x0000000010004720       0x24 CMakeFiles/main.dir/pico-sdk/src/rp2_common/hardware_irq/irq.c.obj
                0x0000000010004720                irq_set_enabled
 .text.irq_get_vtable_handler
                0x0000000010004744       0x10 CMakeFiles/main.dir/pico-sdk/src/rp2_common/hardware_irq/irq.c.obj
                0x0000000010004744                irq_get_vtable_handler
 .text.irq_set_exclusive_handler
                0x0000000010004754       0x54 CMakeFiles/main.dir/pico-sdk/src/rp2_common/hardware_irq/irq.c.obj
                0x0000000010004754                irq_set_exclusive_handler
 .text.irq_add_shared_handler
                0x00000000100047a8      0x1f4 CMakeFiles/main.dir/pico-sdk/src/rp2_common/hardware_irq/irq.c.obj
                0x00000000100047a8                irq_add_shared_handler
 .text.irq_remove_handler
                0x000000001000499c      0x1cc CMakeFiles/main.dir/pico-sdk/src/rp2_common/hardware_irq/irq.c.obj
                0x000000001000499c                irq_remove_handler
 .text.irq_add_tail_to_free_list
                0x0000000010004b68       0xb4 CMakeFiles/main.dir/pico-sdk/src/rp2_common/hardware_irq/irq.c.obj
                0x0000000010004b68                irq_add_tail_to_free_list
 .text.irq_init_priorities
                0x0000000010004c1c       0x24 CMakeFiles/main.dir/pico-sdk/src/rp2_common/hardware_irq/irq.c.obj
                0x0000000010004c1c                irq_init_priorities
 .text.lock_init
                0x0000000010004c40       0x10 CMakeFiles/main.dir/pico-sdk/src/common/pico_sync/lock_core.c.obj
                0x0000000010004c40                lock_init
 .text.timer_pool_entry_comparator
                0x0000000010004c50       0x34 CMakeFiles/main.dir/pico-sdk/src/common/pico_time/time.c.obj
                0x0000000010004c50                timer_pool_entry_comparator
 .text.sleep_until_callback
                0x0000000010004c84       0x30 CMakeFiles/main.dir/pico-sdk/src/common/pico_time/time.c.obj
 .text.add_alarm_under_lock.isra.0
                0x0000000010004cb4      0x100 CMakeFiles/main.dir/pico-sdk/src/common/pico_time/time.c.obj
 .text.alarm_pool_alarm_callback
                0x0000000010004db4      0x1c4 CMakeFiles/main.dir/pico-sdk/src/common/pico_time/time.c.obj
 .text.alarm_pool_add_alarm_at.constprop.0
                0x0000000010004f78      0x11c CMakeFiles/main.dir/pico-sdk/src/common/pico_time/time.c.obj
 .text.alarm_pool_init_default
                0x0000000010005094       0x64 CMakeFiles/main.dir/pico-sdk/src/common/pico_time/time.c.obj
                0x0000000010005094                alarm_pool_init_default
 .text.sleep_until
                0x00000000100050f8       0xac CMakeFiles/main.dir/pico-sdk/src/common/pico_time/time.c.obj
                0x00000000100050f8                sleep_until
 .text.sleep_ms
                0x00000000100051a4       0x38 CMakeFiles/main.dir/pico-sdk/src/common/pico_time/time.c.obj
                0x00000000100051a4                sleep_ms
 .text.hardware_alarm_irq_handler
                0x00000000100051dc       0xb8 CMakeFiles/main.dir/pico-sdk/src/rp2_common/hardware_timer/timer.c.obj
 .text.hardware_alarm_claim
                0x0000000010005294       0x18 CMakeFiles/main.dir/pico-sdk/src/rp2_common/hardware_timer/timer.c.obj
                0x0000000010005294                hardware_alarm_claim
 .text.time_us_64
                0x00000000100052ac       0x14 CMakeFiles/main.dir/pico-sdk/src/rp2_common/hardware_timer/timer.c.obj
                0x00000000100052ac                time_us_64
 .text.busy_wait_us
                0x00000000100052c0       0x68 CMakeFiles/main.dir/pico-sdk/src/rp2_common/hardware_timer/timer.c.obj
                0x00000000100052c0                busy_wait_us
 .text.busy_wait_until
                0x0000000010005328       0x20 CMakeFiles/main.dir/pico-sdk/src/rp2_common/hardware_timer/timer.c.obj
                0x0000000010005328                busy_wait_until
 .text.hardware_alarm_set_callback
                0x0000000010005348       0x8c CMakeFiles/main.dir/pico-sdk/src/rp2_common/hardware_timer/timer.c.obj
                0x0000000010005348                hardware_alarm_set_callback
 .text.hardware_alarm_set_target
                0x00000000100053d4       0xdc CMakeFiles/main.dir/pico-sdk/src/rp2_common/hardware_timer/timer.c.obj
                0x00000000100053d4                hardware_alarm_set_target
 .text.hardware_alarm_cancel
                0x00000000100054b0       0x3c CMakeFiles/main.dir/pico-sdk/src/rp2_common/hardware_timer/timer.c.obj
                0x00000000100054b0                hardware_alarm_cancel
 .text.ph_merge_nodes
                0x00000000100054ec       0x64 CMakeFiles/main.dir/pico-sdk/src/common/pico_util/pheap.c.obj
 .text.ph_post_alloc_init
                0x0000000010005550       0x3c CMakeFiles/main.dir/pico-sdk/src/common/pico_util/pheap.c.obj
                0x0000000010005550                ph_post_alloc_init
 .text.ph_merge_two_pass
                0x000000001000558c       0x98 CMakeFiles/main.dir/pico-sdk/src/common/pico_util/pheap.c.obj
                0x000000001000558c                ph_merge_two_pass
 .text.ph_remove_any_head
                0x0000000010005624      0x12c CMakeFiles/main.dir/pico-sdk/src/common/pico_util/pheap.c.obj
 .text.ph_remove_head
                0x0000000010005750      0x130 CMakeFiles/main.dir/pico-sdk/src/common/pico_util/pheap.c.obj
                0x0000000010005750                ph_remove_head
 .text.ph_remove_and_free_node
                0x0000000010005880       0x78 CMakeFiles/main.dir/pico-sdk/src/common/pico_util/pheap.c.obj
                0x0000000010005880                ph_remove_and_free_node
 .text.mutex_init
                0x00000000100058f8       0x1c CMakeFiles/main.dir/pico-sdk/src/common/pico_sync/mutex.c.obj
                0x00000000100058f8                mutex_init
 .text.recursive_mutex_init
                0x0000000010005914       0x1c CMakeFiles/main.dir/pico-sdk/src/common/pico_sync/mutex.c.obj
                0x0000000010005914                recursive_mutex_init
 .text.uart_init
                0x0000000010005930       0xe0 CMakeFiles/main.dir/pico-sdk/src/rp2_common/hardware_uart/uart.c.obj
                0x0000000010005930                uart_init
 .text.runtime_init
                0x0000000010005a10       0xf0 CMakeFiles/main.dir/pico-sdk/src/rp2_common/pico_runtime/runtime.c.obj
                0x0000000010005a10                runtime_init
 .text._sbrk    0x0000000010005b00       0x34 CMakeFiles/main.dir/pico-sdk/src/rp2_common/pico_runtime/runtime.c.obj
                0x0000000010005b00                _sbrk
 .text.exit     0x0000000010005b34        0x4 CMakeFiles/main.dir/pico-sdk/src/rp2_common/pico_runtime/runtime.c.obj
                0x0000000010005b34                exit
 .text.panic    0x0000000010005b38       0x30 CMakeFiles/main.dir/pico-sdk/src/rp2_common/pico_runtime/runtime.c.obj
                0x0000000010005b38                panic
 .text.hard_assertion_failure
                0x0000000010005b68        0xc CMakeFiles/main.dir/pico-sdk/src/rp2_common/pico_runtime/runtime.c.obj
                0x0000000010005b68                hard_assertion_failure
 .text.clocks_init
                0x0000000010005b74      0x2b4 CMakeFiles/main.dir/pico-sdk/src/rp2_common/hardware_clocks/clocks.c.obj
                0x0000000010005b74                clocks_init
 .text.clock_get_hz
                0x0000000010005e28        0xc CMakeFiles/main.dir/pico-sdk/src/rp2_common/hardware_clocks/clocks.c.obj
                0x0000000010005e28                clock_get_hz
 .text.pll_init
                0x0000000010005e34       0xa8 CMakeFiles/main.dir/pico-sdk/src/rp2_common/hardware_pll/pll.c.obj
                0x0000000010005e34                pll_init
 .text.watchdog_start_tick
                0x0000000010005edc       0x10 CMakeFiles/main.dir/pico-sdk/src/rp2_common/hardware_watchdog/watchdog.c.obj
                0x0000000010005edc                watchdog_start_tick
 .text.watchdog_enable
                0x0000000010005eec       0x88 CMakeFiles/main.dir/pico-sdk/src/rp2_common/hardware_watchdog/watchdog.c.obj
                0x0000000010005eec                watchdog_enable
 .text.watchdog_reboot
                0x0000000010005f74       0x9c CMakeFiles/main.dir/pico-sdk/src/rp2_common/hardware_watchdog/watchdog.c.obj
                0x0000000010005f74                watchdog_reboot
 .text.xosc_init
                0x0000000010006010       0x28 CMakeFiles/main.dir/pico-sdk/src/rp2_common/hardware_xosc/xosc.c.obj
                0x0000000010006010                xosc_init
 .text._out_buffer
                0x0000000010006038        0x8 CMakeFiles/main.dir/pico-sdk/src/rp2_common/pico_printf/printf.c.obj
 .text._out_null
                0x0000000010006040        0x4 CMakeFiles/main.dir/pico-sdk/src/rp2_common/pico_printf/printf.c.obj
 .text._out_rev
                0x0000000010006044       0x90 CMakeFiles/main.dir/pico-sdk/src/rp2_common/pico_printf/printf.c.obj
 .text._ntoa_format
                0x00000000100060d4      0x1f4 CMakeFiles/main.dir/pico-sdk/src/rp2_common/pico_printf/printf.c.obj
 .text._out_char
                0x00000000100062c8       0x10 CMakeFiles/main.dir/pico-sdk/src/rp2_common/pico_printf/printf.c.obj
 .text._out_fct
                0x00000000100062d8       0x10 CMakeFiles/main.dir/pico-sdk/src/rp2_common/pico_printf/printf.c.obj
 .text._etoa    0x00000000100062e8      0x454 CMakeFiles/main.dir/pico-sdk/src/rp2_common/pico_printf/printf.c.obj
 .text._ftoa    0x000000001000673c      0x3c4 CMakeFiles/main.dir/pico-sdk/src/rp2_common/pico_printf/printf.c.obj
 .text._vsnprintf
                0x0000000010006b00      0xb24 CMakeFiles/main.dir/pico-sdk/src/rp2_common/pico_printf/printf.c.obj
 .text.__wrap_sprintf
                0x0000000010007624       0x2c CMakeFiles/main.dir/pico-sdk/src/rp2_common/pico_printf/printf.c.obj
                0x0000000010007624                __wrap_sprintf
 .text.vfctprintf
                0x0000000010007650       0x20 CMakeFiles/main.dir/pico-sdk/src/rp2_common/pico_printf/printf.c.obj
                0x0000000010007650                vfctprintf
 .text.weak_raw_vprintf
                0x0000000010007670       0x30 CMakeFiles/main.dir/pico-sdk/src/rp2_common/pico_printf/printf.c.obj
                0x0000000010007670                weak_raw_vprintf
 .text          0x00000000100076a0       0x10 CMakeFiles/main.dir/pico-sdk/src/rp2_common/pico_bit_ops/bit_ops_aeabi.S.obj
 .text.rom_func_lookup
                0x00000000100076b0       0x10 CMakeFiles/main.dir/pico-sdk/src/rp2_common/pico_bootrom/bootrom.c.obj
                0x00000000100076b0                rom_func_lookup
 .text.rom_data_lookup
                0x00000000100076c0       0x10 CMakeFiles/main.dir/pico-sdk/src/rp2_common/pico_bootrom/bootrom.c.obj
                0x00000000100076c0                rom_data_lookup
 .text.rom_funcs_lookup
                0x00000000100076d0       0x44 CMakeFiles/main.dir/pico-sdk/src/rp2_common/pico_bootrom/bootrom.c.obj
                0x00000000100076d0                rom_funcs_lookup
 .text.__wrap___aeabi_idiv
                0x0000000010007714       0x50 CMakeFiles/main.dir/pico-sdk/src/rp2_common/pico_divider/divider.S.obj
                0x0000000010007714                __wrap___aeabi_idivmod
                0x0000000010007714                divmod_s32s32
                0x0000000010007714                div_s32s32
                0x0000000010007714                __wrap___aeabi_idiv
                0x000000001000771c                divmod_s32s32_unsafe
                0x0000000010007748                divmod_s32s32_savestate
 .text.__wrap___aeabi_uidiv
                0x0000000010007764       0x4c CMakeFiles/main.dir/pico-sdk/src/rp2_common/pico_divider/divider.S.obj
                0x0000000010007764                __wrap___aeabi_uidiv
                0x0000000010007764                __wrap___aeabi_uidivmod
                0x0000000010007764                div_u32u32
                0x0000000010007764                divmod_u32u32
                0x000000001000776c                divmod_u32u32_unsafe
                0x0000000010007794                divmod_u32u32_savestate
 .text.__wrap___aeabi_ldiv
                0x00000000100077b0      0x434 CMakeFiles/main.dir/pico-sdk/src/rp2_common/pico_divider/divider.S.obj
                0x00000000100077b0                __wrap___aeabi_ldivmod
                0x00000000100077b0                div_s64s64
                0x00000000100077b0                divmod_s64s64
                0x00000000100077e8                divmod_u64u64
                0x00000000100077e8                div_u64u64
                0x00000000100077e8                __wrap___aeabi_uldivmod
                0x00000000100077f8                divmod_u64u64_savestate
                0x0000000010007820                divmod_s64s64_unsafe
                0x00000000100078a8                divmod_u64u64_unsafe
 .text.__wrap___aeabi_darithmetic
                0x0000000010007be4       0x80 CMakeFiles/main.dir/pico-sdk/src/rp2_common/pico_double/double_aeabi.S.obj
                0x0000000010007be4                __wrap___aeabi_drsub
                0x0000000010007bea                __wrap___aeabi_dsub
                0x0000000010007bfc                __wrap___aeabi_dadd
                0x0000000010007c0e                __wrap___aeabi_ddiv
                0x0000000010007c4a                __wrap___aeabi_dmul
 .text.__wrap___aeabi_cdcmple
                0x0000000010007c64       0x6c CMakeFiles/main.dir/pico-sdk/src/rp2_common/pico_double/double_aeabi.S.obj
                0x0000000010007c64                __wrap___aeabi_cdrcmple
                0x0000000010007c74                __wrap___aeabi_cdcmple
                0x0000000010007c74                __wrap___aeabi_cdcmpeq
 .text.__wrap___aeabi_dcmplt
                0x0000000010007cd0        0xc CMakeFiles/main.dir/pico-sdk/src/rp2_common/pico_double/double_aeabi.S.obj
                0x0000000010007cd0                __wrap___aeabi_dcmplt
 .text.__wrap___aeabi_dcmpge
                0x0000000010007cdc       0x10 CMakeFiles/main.dir/pico-sdk/src/rp2_common/pico_double/double_aeabi.S.obj
                0x0000000010007cdc                __wrap___aeabi_dcmpge
 .text.__wrap___aeabi_dcmpgt
                0x0000000010007cec        0xa CMakeFiles/main.dir/pico-sdk/src/rp2_common/pico_double/double_aeabi.S.obj
                0x0000000010007cec                __wrap___aeabi_dcmpgt
 .text.__wrap___aeabi_dcmpun
                0x0000000010007cf6       0x1c CMakeFiles/main.dir/pico-sdk/src/rp2_common/pico_double/double_aeabi.S.obj
                0x0000000010007cf6                __wrap___aeabi_dcmpun
 *fill*         0x0000000010007d12        0x2 
 .text.__wrap___aeabi_i2d
                0x0000000010007d14       0x38 CMakeFiles/main.dir/pico-sdk/src/rp2_common/pico_double/double_aeabi.S.obj
                0x0000000010007d14                __wrap___aeabi_ui2d
                0x0000000010007d1c                __wrap___aeabi_i2d
 .text.__wrap___aeabi_d2iz
                0x0000000010007d4c       0x48 CMakeFiles/main.dir/pico-sdk/src/rp2_common/pico_double/double_aeabi.S.obj
                0x0000000010007d4c                __wrap___aeabi_d2iz
                0x0000000010007d4c                double2int_z
 .text.__wrap___aeabi_d2uiz
                0x0000000010007d94       0x18 CMakeFiles/main.dir/pico-sdk/src/rp2_common/pico_double/double_aeabi.S.obj
                0x0000000010007d94                double2uint
                0x0000000010007d94                __wrap___aeabi_d2uiz
 .text.__wrap___aeabi_d2f
                0x0000000010007dac       0x18 CMakeFiles/main.dir/pico-sdk/src/rp2_common/pico_double/double_aeabi.S.obj
                0x0000000010007dac                __wrap___aeabi_d2f
 .text.__aeabi_double_init
                0x0000000010007dc4       0x98 CMakeFiles/main.dir/pico-sdk/src/rp2_common/pico_double/double_init_rom.c.obj
                0x0000000010007dc4                __aeabi_double_init
 .text.double_table_shim_on_use_helper
                0x0000000010007e5c       0x2c CMakeFiles/main.dir/pico-sdk/src/rp2_common/pico_double/double_v1_rom_shim.S.obj
                0x0000000010007e5c                double_table_shim_on_use_helper
 .text.__wrap___aeabi_dsub
                0x0000000010007e88       0x10 CMakeFiles/main.dir/pico-sdk/src/rp2_common/pico_double/double_v1_rom_shim.S.obj
                0x0000000010007e88                drsub_shim
                0x0000000010007e8e                dsub_shim
 .text.dadd_shim
                0x0000000010007e98      0x15c CMakeFiles/main.dir/pico-sdk/src/rp2_common/pico_double/double_v1_rom_shim.S.obj
                0x0000000010007e98                dadd_shim
 .text.dmul_shim
                0x0000000010007ff4      0x15c CMakeFiles/main.dir/pico-sdk/src/rp2_common/pico_double/double_v1_rom_shim.S.obj
                0x0000000010007ff4                dmul_shim
 .text.ddiv_shim
                0x0000000010008150      0x1b0 CMakeFiles/main.dir/pico-sdk/src/rp2_common/pico_double/double_v1_rom_shim.S.obj
                0x0000000010008150                ddiv_shim
 .text.double2uint_shim
                0x0000000010008300        0xe CMakeFiles/main.dir/pico-sdk/src/rp2_common/pico_double/double_v1_rom_shim.S.obj
                0x0000000010008300                double2uint_shim
                0x0000000010008302                double2ufix_shim
 *fill*         0x000000001000830e        0x2 
 .text.double2uint64_shim
                0x0000000010008310       0x70 CMakeFiles/main.dir/pico-sdk/src/rp2_common/pico_double/double_v1_rom_shim.S.obj
                0x0000000010008310                double2uint64_shim
                0x0000000010008312                double2ufix64_shim
                0x0000000010008332                d2fix_a
 .text.double2float_shim
                0x0000000010008380       0x5c CMakeFiles/main.dir/pico-sdk/src/rp2_common/pico_double/double_v1_rom_shim.S.obj
                0x0000000010008380                double2float_shim
 .text.dunpacks
                0x00000000100083dc       0x3c CMakeFiles/main.dir/pico-sdk/src/rp2_common/pico_double/double_v1_rom_shim.S.obj
                0x00000000100083dc                dunpacks
 .text.__aeabi_lmul
                0x0000000010008418       0x32 CMakeFiles/main.dir/pico-sdk/src/rp2_common/pico_int64_ops/pico_int64_ops_aeabi.S.obj
                0x0000000010008418                __wrap___aeabi_lmul
 *fill*         0x000000001000844a        0x2 
 .text.__wrap___aeabi_farithmetic
                0x000000001000844c       0x48 CMakeFiles/main.dir/pico-sdk/src/rp2_common/pico_float/float_aeabi.S.obj
                0x000000001000844c                __wrap___aeabi_frsub
                0x0000000010008452                __wrap___aeabi_fsub
                0x0000000010008458                __wrap___aeabi_fadd
                0x000000001000845e                __wrap___aeabi_fdiv
                0x0000000010008486                __wrap___aeabi_fmul
 .text.__wrap___aeabi_cfcmple
                0x0000000010008494       0x50 CMakeFiles/main.dir/pico-sdk/src/rp2_common/pico_float/float_aeabi.S.obj
                0x0000000010008494                __wrap___aeabi_cfrcmple
                0x00000000100084a0                __wrap___aeabi_cfcmpeq
                0x00000000100084a0                __wrap___aeabi_cfcmple
 .text.__wrap___aeabi_fcmpeq
                0x00000000100084e4       0x10 CMakeFiles/main.dir/pico-sdk/src/rp2_common/pico_float/float_aeabi.S.obj
                0x00000000100084e4                __wrap___aeabi_fcmpeq
 .text.__wrap___aeabi_fcmplt
                0x00000000100084f4        0xc CMakeFiles/main.dir/pico-sdk/src/rp2_common/pico_float/float_aeabi.S.obj
                0x00000000100084f4                __wrap___aeabi_fcmplt
 .text.__wrap___aeabi_fcmple
                0x0000000010008500       0x10 CMakeFiles/main.dir/pico-sdk/src/rp2_common/pico_float/float_aeabi.S.obj
                0x0000000010008500                __wrap___aeabi_fcmple
 .text.__wrap___aeabi_fcmpge
                0x0000000010008510       0x10 CMakeFiles/main.dir/pico-sdk/src/rp2_common/pico_float/float_aeabi.S.obj
                0x0000000010008510                __wrap___aeabi_fcmpge
 .text.__wrap___aeabi_fcmpgt
                0x0000000010008520        0xa CMakeFiles/main.dir/pico-sdk/src/rp2_common/pico_float/float_aeabi.S.obj
                0x0000000010008520                __wrap___aeabi_fcmpgt
 *fill*         0x000000001000852a        0x2 
 .text.__wrap___aeabi_i2f
                0x000000001000852c       0x44 CMakeFiles/main.dir/pico-sdk/src/rp2_common/pico_float/float_aeabi.S.obj
                0x000000001000852c                __wrap___aeabi_i2f
 .text.__wrap___aeabi_f2iz
                0x0000000010008570       0x4e CMakeFiles/main.dir/pico-sdk/src/rp2_common/pico_float/float_aeabi.S.obj
                0x0000000010008570                __wrap___aeabi_f2iz
                0x0000000010008570                float2int_z
 *fill*         0x00000000100085be        0x2 
 .text.float2int
                0x00000000100085c0       0x14 CMakeFiles/main.dir/pico-sdk/src/rp2_common/pico_float/float_aeabi.S.obj
                0x00000000100085c0                float2int
 .text.__wrap___aeabi_f2uiz
                0x00000000100085d4        0xc CMakeFiles/main.dir/pico-sdk/src/rp2_common/pico_float/float_aeabi.S.obj
                0x00000000100085d4                __wrap___aeabi_f2uiz
 .text.fix2float
                0x00000000100085e0        0xc CMakeFiles/main.dir/pico-sdk/src/rp2_common/pico_float/float_aeabi.S.obj
                0x00000000100085e0                fix2float
 .text.__wrap___aeabi_f2d
                0x00000000100085ec       0x14 CMakeFiles/main.dir/pico-sdk/src/rp2_common/pico_float/float_aeabi.S.obj
                0x00000000100085ec                __wrap___aeabi_f2d
 .text.__wrap_sinf
                0x0000000010008600       0x24 CMakeFiles/main.dir/pico-sdk/src/rp2_common/pico_float/float_aeabi.S.obj
                0x0000000010008600                __wrap_sinf
 .text.__aeabi_float_init
                0x0000000010008624       0x64 CMakeFiles/main.dir/pico-sdk/src/rp2_common/pico_float/float_init_rom.c.obj
                0x0000000010008624                __aeabi_float_init
 .text.__wrap_remquof
                0x0000000010008688      0x140 CMakeFiles/main.dir/pico-sdk/src/rp2_common/pico_float/float_math.c.obj
                0x0000000010008688                __wrap_remquof
 .text.__wrap_remainderf
                0x00000000100087c8        0xc CMakeFiles/main.dir/pico-sdk/src/rp2_common/pico_float/float_math.c.obj
                0x00000000100087c8                __wrap_remainderf
 .text.float_table_shim_on_use_helper
                0x00000000100087d4       0x2c CMakeFiles/main.dir/pico-sdk/src/rp2_common/pico_float/float_v1_rom_shim.S.obj
                0x00000000100087d4                float_table_shim_on_use_helper
 .text.float232_shims
                0x0000000010008800       0x18 CMakeFiles/main.dir/pico-sdk/src/rp2_common/pico_float/float_v1_rom_shim.S.obj
                0x0000000010008800                float2int_shim
                0x0000000010008802                float2fix_shim
 .text.float2double_shim
                0x0000000010008818       0x30 CMakeFiles/main.dir/pico-sdk/src/rp2_common/pico_float/float_v1_rom_shim.S.obj
                0x0000000010008818                float2double_shim
 .text.__wrap_malloc
                0x0000000010008848       0x24 CMakeFiles/main.dir/pico-sdk/src/rp2_common/pico_malloc/pico_malloc.c.obj
                0x0000000010008848                __wrap_malloc
 .text.__wrap_free
                0x000000001000886c        0x8 CMakeFiles/main.dir/pico-sdk/src/rp2_common/pico_malloc/pico_malloc.c.obj
                0x000000001000886c                __wrap_free
 .text          0x0000000010008874       0x10 CMakeFiles/main.dir/pico-sdk/src/rp2_common/pico_mem_ops/mem_ops_aeabi.S.obj
                0x0000000010008874                __aeabi_mem_init
 .text.memset   0x0000000010008884        0xc CMakeFiles/main.dir/pico-sdk/src/rp2_common/pico_mem_ops/mem_ops_aeabi.S.obj
                0x0000000010008884                __wrap_memset
 .text.memcpy   0x0000000010008890        0xc CMakeFiles/main.dir/pico-sdk/src/rp2_common/pico_mem_ops/mem_ops_aeabi.S.obj
                0x0000000010008890                __wrap___aeabi_memcpy
                0x0000000010008890                __wrap_memcpy
 .text.stdio_out_chars_no_crlf
                0x000000001000889c       0x10 CMakeFiles/main.dir/pico-sdk/src/rp2_common/pico_stdio/stdio.c.obj
 .text.stdio_out_chars_crlf
                0x00000000100088ac       0xbc CMakeFiles/main.dir/pico-sdk/src/rp2_common/pico_stdio/stdio.c.obj
 .text.stdio_buffered_printer
                0x0000000010008968       0x64 CMakeFiles/main.dir/pico-sdk/src/rp2_common/pico_stdio/stdio.c.obj
 .text.__wrap_putchar
                0x00000000100089cc       0xa4 CMakeFiles/main.dir/pico-sdk/src/rp2_common/pico_stdio/stdio.c.obj
                0x00000000100089cc                __wrap_putchar
 .text.__wrap_puts
                0x0000000010008a70       0xe8 CMakeFiles/main.dir/pico-sdk/src/rp2_common/pico_stdio/stdio.c.obj
                0x0000000010008a70                __wrap_puts
 .text.putchar_raw
                0x0000000010008b58       0xa4 CMakeFiles/main.dir/pico-sdk/src/rp2_common/pico_stdio/stdio.c.obj
                0x0000000010008b58                putchar_raw
 .text.stdio_set_driver_enabled
                0x0000000010008bfc       0x30 CMakeFiles/main.dir/pico-sdk/src/rp2_common/pico_stdio/stdio.c.obj
                0x0000000010008bfc                stdio_set_driver_enabled
 .text.stdio_flush
                0x0000000010008c2c       0x28 CMakeFiles/main.dir/pico-sdk/src/rp2_common/pico_stdio/stdio.c.obj
                0x0000000010008c2c                stdio_flush
 .text.__wrap_vprintf
                0x0000000010008c54       0xd4 CMakeFiles/main.dir/pico-sdk/src/rp2_common/pico_stdio/stdio.c.obj
                0x0000000010008c54                __wrap_vprintf
 .text.__wrap_printf
                0x0000000010008d28       0x18 CMakeFiles/main.dir/pico-sdk/src/rp2_common/pico_stdio/stdio.c.obj
                0x0000000010008d28                __wrap_printf
 .text.stdio_init_all
                0x0000000010008d40        0x8 CMakeFiles/main.dir/pico-sdk/src/rp2_common/pico_stdio/stdio.c.obj
                0x0000000010008d40                stdio_init_all
 .text.getchar_timeout_us
                0x0000000010008d48       0xa4 CMakeFiles/main.dir/pico-sdk/src/rp2_common/pico_stdio/stdio.c.obj
                0x0000000010008d48                getchar_timeout_us
 .text.stdio_uart_out_chars
                0x0000000010008dec       0x4c CMakeFiles/main.dir/pico-sdk/src/rp2_common/pico_stdio_uart/stdio_uart.c.obj
 .text.stdio_uart_in_chars
                0x0000000010008e38       0x38 CMakeFiles/main.dir/pico-sdk/src/rp2_common/pico_stdio_uart/stdio_uart.c.obj
                0x0000000010008e38                stdio_uart_in_chars
 .text.stdio_uart_init
                0x0000000010008e70       0x48 CMakeFiles/main.dir/pico-sdk/src/rp2_common/pico_stdio_uart/stdio_uart.c.obj
                0x0000000010008e70                stdio_uart_init
 .text.spi_init
                0x0000000010008eb8       0xf0 CMakeFiles/main.dir/pico-sdk/src/rp2_common/hardware_spi/spi.c.obj
                0x0000000010008eb8                spi_init
 .text.i2c_set_baudrate
                0x0000000010008fa8       0xc4 CMakeFiles/main.dir/pico-sdk/src/rp2_common/hardware_i2c/i2c.c.obj
                0x0000000010008fa8                i2c_set_baudrate
 .text.i2c_init
                0x000000001000906c       0x54 CMakeFiles/main.dir/pico-sdk/src/rp2_common/hardware_i2c/i2c.c.obj
                0x000000001000906c                i2c_init
 .text.i2c_write_blocking
                0x00000000100090c0       0xd0 CMakeFiles/main.dir/pico-sdk/src/rp2_common/hardware_i2c/i2c.c.obj
                0x00000000100090c0                i2c_write_blocking
 .text.i2c_read_blocking
                0x0000000010009190       0x90 CMakeFiles/main.dir/pico-sdk/src/rp2_common/hardware_i2c/i2c.c.obj
                0x0000000010009190                i2c_read_blocking
 .text.adc_init
                0x0000000010009220       0x38 CMakeFiles/main.dir/pico-sdk/src/rp2_common/hardware_adc/adc.c.obj
                0x0000000010009220                adc_init
 .text.rtc_init
                0x0000000010009258       0x38 CMakeFiles/main.dir/pico-sdk/src/rp2_common/hardware_rtc/rtc.c.obj
                0x0000000010009258                rtc_init
 .text.rtc_set_datetime
                0x0000000010009290       0xac CMakeFiles/main.dir/pico-sdk/src/rp2_common/hardware_rtc/rtc.c.obj
                0x0000000010009290                rtc_set_datetime
 .text.rtc_get_datetime
                0x000000001000933c       0x44 CMakeFiles/main.dir/pico-sdk/src/rp2_common/hardware_rtc/rtc.c.obj
                0x000000001000933c                rtc_get_datetime
 .text.startup.boot_double_tap_check
                0x0000000010009380       0x60 CMakeFiles/main.dir/pico-sdk/src/rp2_common/pico_bootsel_via_double_reset/pico_bootsel_via_double_reset.c.obj
 .text.lcd_module_init
                0x00000000100093e0      0x120 lib/lcd/liblcd.a(lcd.c.obj)
                0x00000000100093e0                lcd_module_init
 .text.lcd_setatt
                0x0000000010009500       0x4c lib/lcd/liblcd.a(lcd.c.obj)
                0x0000000010009500                lcd_setatt
 .text.lcd_set_brightness
                0x000000001000954c       0x38 lib/lcd/liblcd.a(lcd.c.obj)
                0x000000001000954c                lcd_set_brightness
 .text.lcd_init_reg
                0x0000000010009584      0xbd4 lib/lcd/liblcd.a(lcd.c.obj)
                0x0000000010009584                lcd_init_reg
 .text.lcd_init
                0x000000001000a158       0x78 lib/lcd/liblcd.a(lcd.c.obj)
                0x000000001000a158                lcd_init
 .text.lcd_setwin
                0x000000001000a1d0       0xe8 lib/lcd/liblcd.a(lcd.c.obj)
                0x000000001000a1d0                lcd_setwin
 .text.lcd_display
                0x000000001000a2b8       0x2c lib/lcd/liblcd.a(lcd.c.obj)
                0x000000001000a2b8                lcd_display
 .text.lcd_setimg
                0x000000001000a2e4        0xc lib/lcd/liblcd.a(lcd.c.obj)
                0x000000001000a2e4                lcd_setimg
 .text.lcd_blit
                0x000000001000a2f0       0x60 lib/lcd/liblcd.a(lcd.c.obj)
                0x000000001000a2f0                lcd_blit
 .text.lcd_line
                0x000000001000a350      0x1f8 lib/lcd/liblcd.a(lcd.c.obj)
                0x000000001000a350                lcd_line
 .text.lcd_char
                0x000000001000a548      0x120 lib/lcd/liblcd.a(lcd.c.obj)
                0x000000001000a548                lcd_char
 .text.lcd_str  0x000000001000a668       0x5c lib/lcd/liblcd.a(lcd.c.obj)
                0x000000001000a668                lcd_str
 .text.lcd_strc
                0x000000001000a6c4       0x5c lib/lcd/liblcd.a(lcd.c.obj)
                0x000000001000a6c4                lcd_strc
 .text.lcd_float
                0x000000001000a720       0x78 lib/lcd/liblcd.a(lcd.c.obj)
                0x000000001000a720                lcd_float
 .text.lcd_floatshort
                0x000000001000a798       0x78 lib/lcd/liblcd.a(lcd.c.obj)
                0x000000001000a798                lcd_floatshort
 .text.lcd_sleepon
                0x000000001000a810       0x28 lib/lcd/liblcd.a(lcd.c.obj)
                0x000000001000a810                lcd_sleepon
 .text.lcd_sleepoff
                0x000000001000a838       0x28 lib/lcd/liblcd.a(lcd.c.obj)
                0x000000001000a838                lcd_sleepoff
 .text.lcd_pixel_rawps
                0x000000001000a860      0x134 lib/lcd/liblcd.a(lcd.c.obj)
                0x000000001000a860                lcd_pixel_rawps
 .text.lcd_circle
                0x000000001000a994      0xa48 lib/lcd/liblcd.a(lcd.c.obj)
                0x000000001000a994                lcd_circle
 .text.lcd_xline
                0x000000001000b3dc       0x50 lib/lcd/liblcd.a(lcd.c.obj)
                0x000000001000b3dc                lcd_xline
 .text.lcd_yline
                0x000000001000b42c      0x15c lib/lcd/liblcd.a(lcd.c.obj)
                0x000000001000b42c                lcd_yline
 .text.lcd_frame
                0x000000001000b588      0x330 lib/lcd/liblcd.a(lcd.c.obj)
                0x000000001000b588                lcd_frame
 .text.lcd_bez2curve
                0x000000001000b8b8      0x250 lib/lcd/liblcd.a(lcd.c.obj)
                0x000000001000b8b8                lcd_bez2curve
 .text.lcd_bez3curvel
                0x000000001000bb08      0x2c8 lib/lcd/liblcd.a(lcd.c.obj)
                0x000000001000bb08                lcd_bez3curvel
 .text.lcd_bez3circ
                0x000000001000bdd0       0xb8 lib/lcd/liblcd.a(lcd.c.obj)
                0x000000001000bdd0                lcd_bez3circ
 .text.lcd_roto
                0x000000001000be88      0x1dc lib/lcd/liblcd.a(lcd.c.obj)
                0x000000001000be88                lcd_roto
 .text.lcd_rotoa
                0x000000001000c064       0x24 lib/lcd/liblcd.a(lcd.c.obj)
                0x000000001000c064                lcd_rotoa
 .text.lcd_alpha_on
                0x000000001000c088        0xc lib/lcd/liblcd.a(lcd.c.obj)
                0x000000001000c088                lcd_alpha_on
 .text.lcd_alpha_off
                0x000000001000c094        0xc lib/lcd/liblcd.a(lcd.c.obj)
                0x000000001000c094                lcd_alpha_off
 .text.lcd_line_deg
                0x000000001000c0a0      0x270 lib/lcd/liblcd.a(lcd.c.obj)
                0x000000001000c0a0                lcd_line_deg
 .text.lcd_linev2
                0x000000001000c310      0x208 lib/lcd/liblcd.a(lcd.c.obj)
                0x000000001000c310                lcd_linev2
 .text.lcd_make_cosin
                0x000000001000c518       0xd0 lib/lcd/liblcd.a(lcd.c.obj)
                0x000000001000c518                lcd_make_cosin
 .text.gvdl     0x000000001000c5e8       0x64 lib/lcd/liblcd.a(lcd.c.obj)
                0x000000001000c5e8                gvdl
 .text.gdeg     0x000000001000c64c       0x1c lib/lcd/liblcd.a(lcd.c.obj)
                0x000000001000c64c                gdeg
 .text.vadd     0x000000001000c668       0x18 lib/lcd/liblcd.a(lcd.c.obj)
                0x000000001000c668                vadd
 .text.vset     0x000000001000c680       0x10 lib/lcd/liblcd.a(lcd.c.obj)
                0x000000001000c680                vset
 .text.lcd_linev2list2
                0x000000001000c690       0xe0 lib/lcd/liblcd.a(lcd.c.obj)
                0x000000001000c690                lcd_linev2list2
 .text.lcd_linev2list
                0x000000001000c770       0xf4 lib/lcd/liblcd.a(lcd.c.obj)
                0x000000001000c770                lcd_linev2list
 .text.lcd_alpha_line_deg
                0x000000001000c864      0x3f0 lib/lcd/liblcd.a(lcd.c.obj)
                0x000000001000c864                lcd_alpha_line_deg
 .text.lcd_blit_deg
                0x000000001000cc54      0x788 lib/lcd/liblcd.a(lcd.c.obj)
                0x000000001000cc54                lcd_blit_deg
 .text.chkdeg   0x000000001000d3dc       0x1c lib/lcd/liblcd.a(lcd.c.obj)
                0x000000001000d3dc                chkdeg
 .text.lcd_blit_deg2
                0x000000001000d3f8      0x63c lib/lcd/liblcd.a(lcd.c.obj)
                0x000000001000d3f8                lcd_blit_deg2
 .text.QMI8658_config_acc
                0x000000001000da34       0xec lib/QMI8658/libQMI8658.a(QMI8658.c.obj)
                0x000000001000da34                QMI8658_config_acc
 .text.QMI8658_config_gyro
                0x000000001000db20      0x128 lib/QMI8658/libQMI8658.a(QMI8658.c.obj)
                0x000000001000db20                QMI8658_config_gyro
 .text.QMI8658_readTemp
                0x000000001000dc48       0x4c lib/QMI8658/libQMI8658.a(QMI8658.c.obj)
                0x000000001000dc48                QMI8658_readTemp
 .text.QMI8658_read_xyz
                0x000000001000dc94      0x174 lib/QMI8658/libQMI8658.a(QMI8658.c.obj)
                0x000000001000dc94                QMI8658_read_xyz
 .text.QMI8658_init
                0x000000001000de08      0x35c lib/QMI8658/libQMI8658.a(QMI8658.c.obj)
                0x000000001000de08                QMI8658_init
 .text.atoi     0x000000001000e164        0xc /Applications/ArmGNUToolchain/12.2.rel1/arm-none-eabi/bin/../lib/gcc/arm-none-eabi/12.2.1/../../../../arm-none-eabi/lib/thumb/v6-m/nofp/libc.a(libc_a-atoi.o)
                0x000000001000e164                atoi
 .text.malloc   0x000000001000e170       0x14 /Applications/ArmGNUToolchain/12.2.rel1/arm-none-eabi/bin/../lib/gcc/arm-none-eabi/12.2.1/../../../../arm-none-eabi/lib/thumb/v6-m/nofp/libc.a(libc_a-malloc.o)
                0x000000001000e170                malloc
 .text.free     0x000000001000e184       0x14 /Applications/ArmGNUToolchain/12.2.rel1/arm-none-eabi/bin/../lib/gcc/arm-none-eabi/12.2.1/../../../../arm-none-eabi/lib/thumb/v6-m/nofp/libc.a(libc_a-malloc.o)
                0x000000001000e184                free
 .text._malloc_r
                0x000000001000e198      0x590 /Applications/ArmGNUToolchain/12.2.rel1/arm-none-eabi/bin/../lib/gcc/arm-none-eabi/12.2.1/../../../../arm-none-eabi/lib/thumb/v6-m/nofp/libc.a(libc_a-mallocr.o)
                0x000000001000e198                _malloc_r
 .text.__malloc_lock
                0x000000001000e728       0x10 /Applications/ArmGNUToolchain/12.2.rel1/arm-none-eabi/bin/../lib/gcc/arm-none-eabi/12.2.1/../../../../arm-none-eabi/lib/thumb/v6-m/nofp/libc.a(libc_a-mlock.o)
                0x000000001000e728                __malloc_lock
 .text.__malloc_unlock
                0x000000001000e738       0x10 /Applications/ArmGNUToolchain/12.2.rel1/arm-none-eabi/bin/../lib/gcc/arm-none-eabi/12.2.1/../../../../arm-none-eabi/lib/thumb/v6-m/nofp/libc.a(libc_a-mlock.o)
                0x000000001000e738                __malloc_unlock
 .text._strtol_l.constprop.0
                0x000000001000e748      0x158 /Applications/ArmGNUToolchain/12.2.rel1/arm-none-eabi/bin/../lib/gcc/arm-none-eabi/12.2.1/../../../../arm-none-eabi/lib/thumb/v6-m/nofp/libc.a(libc_a-strtol.o)
 .text.strtol   0x000000001000e8a0       0x18 /Applications/ArmGNUToolchain/12.2.rel1/arm-none-eabi/bin/../lib/gcc/arm-none-eabi/12.2.1/../../../../arm-none-eabi/lib/thumb/v6-m/nofp/libc.a(libc_a-strtol.o)
                0x000000001000e8a0                strtol
 .text.strchr   0x000000001000e8b8       0xc0 /Applications/ArmGNUToolchain/12.2.rel1/arm-none-eabi/bin/../lib/gcc/arm-none-eabi/12.2.1/../../../../arm-none-eabi/lib/thumb/v6-m/nofp/libc.a(libc_a-strchr.o)
                0x000000001000e8b8                strchr
 .text.critical_factorization
                0x000000001000e978       0xcc /Applications/ArmGNUToolchain/12.2.rel1/arm-none-eabi/bin/../lib/gcc/arm-none-eabi/12.2.1/../../../../arm-none-eabi/lib/thumb/v6-m/nofp/libc.a(libc_a-strstr.o)
 .text.two_way_long_needle
                0x000000001000ea44      0x228 /Applications/ArmGNUToolchain/12.2.rel1/arm-none-eabi/bin/../lib/gcc/arm-none-eabi/12.2.1/../../../../arm-none-eabi/lib/thumb/v6-m/nofp/libc.a(libc_a-strstr.o)
 .text.strstr   0x000000001000ec6c      0x17c /Applications/ArmGNUToolchain/12.2.rel1/arm-none-eabi/bin/../lib/gcc/arm-none-eabi/12.2.1/../../../../arm-none-eabi/lib/thumb/v6-m/nofp/libc.a(libc_a-strstr.o)
                0x000000001000ec6c                strstr
 .text._sbrk_r  0x000000001000ede8       0x24 /Applications/ArmGNUToolchain/12.2.rel1/arm-none-eabi/bin/../lib/gcc/arm-none-eabi/12.2.1/../../../../arm-none-eabi/lib/thumb/v6-m/nofp/libc.a(libc_a-sbrkr.o)
                0x000000001000ede8                _sbrk_r
 .text.__errno  0x000000001000ee0c        0xc /Applications/ArmGNUToolchain/12.2.rel1/arm-none-eabi/bin/../lib/gcc/arm-none-eabi/12.2.1/../../../../arm-none-eabi/lib/thumb/v6-m/nofp/libc.a(libc_a-errno.o)
                0x000000001000ee0c                __errno
 .text.sysconf  0x000000001000ee18       0x1c /Applications/ArmGNUToolchain/12.2.rel1/arm-none-eabi/bin/../lib/gcc/arm-none-eabi/12.2.1/../../../../arm-none-eabi/lib/thumb/v6-m/nofp/libc.a(libc_a-sysconf.o)
                0x000000001000ee18                sysconf
 .text.__retarget_lock_acquire_recursive
                0x000000001000ee34        0x4 /Applications/ArmGNUToolchain/12.2.rel1/arm-none-eabi/bin/../lib/gcc/arm-none-eabi/12.2.1/../../../../arm-none-eabi/lib/thumb/v6-m/nofp/libc.a(libc_a-lock.o)
                0x000000001000ee34                __retarget_lock_acquire_recursive
 .text.__retarget_lock_release_recursive
                0x000000001000ee38        0x4 /Applications/ArmGNUToolchain/12.2.rel1/arm-none-eabi/bin/../lib/gcc/arm-none-eabi/12.2.1/../../../../arm-none-eabi/lib/thumb/v6-m/nofp/libc.a(libc_a-lock.o)
                0x000000001000ee38                __retarget_lock_release_recursive
 .text.strlen   0x000000001000ee3c       0x5c /Applications/ArmGNUToolchain/12.2.rel1/arm-none-eabi/bin/../lib/gcc/arm-none-eabi/12.2.1/../../../../arm-none-eabi/lib/thumb/v6-m/nofp/libc.a(libc_a-strlen-stub.o)
                0x000000001000ee3c                strlen
 .text._malloc_trim_r
                0x000000001000ee98       0xb4 /Applications/ArmGNUToolchain/12.2.rel1/arm-none-eabi/bin/../lib/gcc/arm-none-eabi/12.2.1/../../../../arm-none-eabi/lib/thumb/v6-m/nofp/libc.a(libc_a-freer.o)
                0x000000001000ee98                _malloc_trim_r
 .text._free_r  0x000000001000ef4c      0x1c0 /Applications/ArmGNUToolchain/12.2.rel1/arm-none-eabi/bin/../lib/gcc/arm-none-eabi/12.2.1/../../../../arm-none-eabi/lib/thumb/v6-m/nofp/libc.a(libc_a-freer.o)
                0x000000001000ef4c                _free_r
 .text.memcmp   0x000000001000f10c       0x44 /Applications/ArmGNUToolchain/12.2.rel1/arm-none-eabi/bin/../lib/gcc/arm-none-eabi/12.2.1/../../../../arm-none-eabi/lib/thumb/v6-m/nofp/libc.a(libc_a-memcmp.o)
                0x000000001000f10c                memcmp
 .text.strnlen  0x000000001000f150       0x24 /Applications/ArmGNUToolchain/12.2.rel1/arm-none-eabi/bin/../lib/gcc/arm-none-eabi/12.2.1/../../../../arm-none-eabi/lib/thumb/v6-m/nofp/libc.a(libc_a-strnlen.o)
                0x000000001000f150                strnlen
 *(.fini)
 .fini          0x000000001000f174        0x4 /Applications/ArmGNUToolchain/12.2.rel1/arm-none-eabi/bin/../lib/gcc/arm-none-eabi/12.2.1/thumb/v6-m/nofp/crti.o
                0x000000001000f174                _fini
 .fini.__stub   0x000000001000f178       0x80 linker stubs
 *crtbegin.o(.ctors)
 *crtbegin?.o(.ctors)
 *(EXCLUDE_FILE(*crtend.o *crtend?.o) .ctors)
 *(SORT_BY_NAME(.ctors.*))
 *(.ctors)
 *crtbegin.o(.dtors)
 *crtbegin?.o(.dtors)
 *(EXCLUDE_FILE(*crtend.o *crtend?.o) .dtors)
 *(SORT_BY_NAME(.dtors.*))
 *(.dtors)
 *(.eh_frame*)
 .eh_frame      0x000000001000f1f8        0x0 /Applications/ArmGNUToolchain/12.2.rel1/arm-none-eabi/bin/../lib/gcc/arm-none-eabi/12.2.1/thumb/v6-m/nofp/crtbegin.o
                0x000000001000f1f8                . = ALIGN (0x4)

.glue_7         0x000000001000f1f8        0x0
 .glue_7        0x000000001000f1f8        0x0 linker stubs

.glue_7t        0x000000001000f1f8        0x0
 .glue_7t       0x000000001000f1f8        0x0 linker stubs

.vfp11_veneer   0x000000001000f1f8        0x0
 .vfp11_veneer  0x000000001000f1f8        0x0 linker stubs

.v4_bx          0x000000001000f1f8        0x0
 .v4_bx         0x000000001000f1f8        0x0 linker stubs

.iplt           0x000000001000f1f8        0x0
 .iplt          0x000000001000f1f8        0x0 /Applications/ArmGNUToolchain/12.2.rel1/arm-none-eabi/bin/../lib/gcc/arm-none-eabi/12.2.1/thumb/v6-m/nofp/crtbegin.o

.rodata         0x000000001000f1f8    0x89690
 *(EXCLUDE_FILE(*libm.a: *libc.a:*lib_a-mem*.o *libgcc.a:) .rodata*)
 .rodata.read_battery.str1.4
                0x000000001000f1f8        0x5 CMakeFiles/main.dir/main.c.obj
 *fill*         0x000000001000f1fd        0x3 
 .rodata.str1.4
                0x000000001000f200       0x21 CMakeFiles/main.dir/main.c.obj
 *fill*         0x000000001000f221        0x3 
 .rodata.check_save_data.str1.4
                0x000000001000f224       0x64 CMakeFiles/main.dir/main.c.obj
 .rodata.draw_text.part.0.str1.4
                0x000000001000f288       0x52 CMakeFiles/main.dir/main.c.obj
                                         0x56 (size before relaxing)
 *fill*         0x000000001000f2da        0x2 
 .rodata.print_font_table.str1.4
                0x000000001000f2dc       0x3e CMakeFiles/main.dir/main.c.obj
 *fill*         0x000000001000f31a        0x2 
 .rodata.command.str1.4
                0x000000001000f31c      0x2d1 CMakeFiles/main.dir/main.c.obj
                                        0x2e1 (size before relaxing)
 *fill*         0x000000001000f5ed        0x3 
 .rodata.draw_gfx.part.0.str1.4
                0x000000001000f5f0       0x14 CMakeFiles/main.dir/main.c.obj
 .rodata.main.str1.4
                0x000000001000f604       0xa6 CMakeFiles/main.dir/main.c.obj
 *fill*         0x000000001000f6aa        0x2 
 .rodata.main   0x000000001000f6ac       0x74 CMakeFiles/main.dir/main.c.obj
 .rodata.__bi_889.0
                0x000000001000f720        0x8 CMakeFiles/main.dir/main.c.obj
 .rodata.edit_colors
                0x000000001000f728        0xc CMakeFiles/main.dir/main.c.obj
                0x000000001000f728                edit_colors
 .rodata.bg_dynamic
                0x000000001000f734        0x5 CMakeFiles/main.dir/main.c.obj
                0x000000001000f734                bg_dynamic
 *fill*         0x000000001000f739        0x3 
 .rodata.bg_size
                0x000000001000f73c        0xa CMakeFiles/main.dir/main.c.obj
                0x000000001000f73c                bg_size
 *fill*         0x000000001000f746        0x2 
 .rodata.gt     0x000000001000f748     0x1860 CMakeFiles/main.dir/main.c.obj
                0x000000001000f748                gt
 .rodata.l3     0x0000000010010fa8     0x1900 CMakeFiles/main.dir/main.c.obj
                0x0000000010010fa8                l3
 .rodata.flow   0x00000000100128a8     0x1400 CMakeFiles/main.dir/main.c.obj
                0x00000000100128a8                flow
 .rodata.tiles_blue
                0x0000000010013ca8     0x1300 CMakeFiles/main.dir/main.c.obj
                0x0000000010013ca8                tiles_blue
 .rodata.w2     0x0000000010014fa8     0x1400 CMakeFiles/main.dir/main.c.obj
                0x0000000010014fa8                w2
 .rodata.conf_bender
                0x00000000100163a8      0x800 CMakeFiles/main.dir/main.c.obj
                0x00000000100163a8                conf_bender
 .rodata.conf_clock
                0x0000000010016ba8      0x800 CMakeFiles/main.dir/main.c.obj
                0x0000000010016ba8                conf_clock
 .rodata.conf_save
                0x00000000100173a8      0x800 CMakeFiles/main.dir/main.c.obj
                0x00000000100173a8                conf_save
 .rodata.conf_rotate
                0x0000000010017ba8      0x800 CMakeFiles/main.dir/main.c.obj
                0x0000000010017ba8                conf_rotate
 .rodata.conf_rotozoom
                0x00000000100183a8      0x800 CMakeFiles/main.dir/main.c.obj
                0x00000000100183a8                conf_rotozoom
 .rodata.conf_handstyle
                0x0000000010018ba8      0x800 CMakeFiles/main.dir/main.c.obj
                0x0000000010018ba8                conf_handstyle
 .rodata.conf_background
                0x00000000100193a8      0x800 CMakeFiles/main.dir/main.c.obj
                0x00000000100193a8                conf_background
 .rodata.conf_exit
                0x0000000010019ba8      0x800 CMakeFiles/main.dir/main.c.obj
                0x0000000010019ba8                conf_exit
 .rodata.config
                0x000000001001a3a8      0x800 CMakeFiles/main.dir/main.c.obj
                0x000000001001a3a8                config
 .rodata.flag_gb32
                0x000000001001aba8      0x800 CMakeFiles/main.dir/main.c.obj
                0x000000001001aba8                flag_gb32
 .rodata.flag_gb16
                0x000000001001b3a8      0x200 CMakeFiles/main.dir/main.c.obj
                0x000000001001b3a8                flag_gb16
 .rodata.flag_ch32
                0x000000001001b5a8      0x800 CMakeFiles/main.dir/main.c.obj
                0x000000001001b5a8                flag_ch32
 .rodata.flag_ch16
                0x000000001001bda8      0x200 CMakeFiles/main.dir/main.c.obj
                0x000000001001bda8                flag_ch16
 .rodata.tr16   0x000000001001bfa8      0x200 CMakeFiles/main.dir/main.c.obj
                0x000000001001bfa8                tr16
 .rodata.ger16  0x000000001001c1a8      0x200 CMakeFiles/main.dir/main.c.obj
                0x000000001001c1a8                ger16
 .rodata.cn16   0x000000001001c3a8      0x200 CMakeFiles/main.dir/main.c.obj
                0x000000001001c3a8                cn16
 .rodata.usa16  0x000000001001c5a8      0x200 CMakeFiles/main.dir/main.c.obj
                0x000000001001c5a8                usa16
 .rodata.tr32   0x000000001001c7a8      0x800 CMakeFiles/main.dir/main.c.obj
                0x000000001001c7a8                tr32
 .rodata.ger32  0x000000001001cfa8      0x800 CMakeFiles/main.dir/main.c.obj
                0x000000001001cfa8                ger32
 .rodata.cn32   0x000000001001d7a8      0x800 CMakeFiles/main.dir/main.c.obj
                0x000000001001d7a8                cn32
 .rodata.usa32  0x000000001001dfa8      0x800 CMakeFiles/main.dir/main.c.obj
                0x000000001001dfa8                usa32
 .rodata.earth190
                0x000000001001e7a8    0x11a08 CMakeFiles/main.dir/main.c.obj
                0x000000001001e7a8                earth190
 .rodata.irisa190
                0x00000000100301b0    0x11a08 CMakeFiles/main.dir/main.c.obj
                0x00000000100301b0                irisa190
 .rodata.col1   0x0000000010041bb8    0x1c200 CMakeFiles/main.dir/main.c.obj
                0x0000000010041bb8                col1
 .rodata.sand   0x000000001005ddb8    0x1c200 CMakeFiles/main.dir/main.c.obj
                0x000000001005ddb8                sand
 .rodata.bega   0x0000000010079fb8    0x1c200 CMakeFiles/main.dir/main.c.obj
                0x0000000010079fb8                bega
 .rodata.Font16_Table
                0x00000000100961b8      0xbe0 CMakeFiles/main.dir/main.c.obj
                0x00000000100961b8                Font16_Table
 .rodata.Font12_Table
                0x0000000010096d98      0x474 CMakeFiles/main.dir/main.c.obj
                0x0000000010096d98                Font12_Table
 .rodata.Font20_Table
                0x000000001009720c      0xed8 CMakeFiles/main.dir/main.c.obj
                0x000000001009720c                Font20_Table
 .rodata        0x00000000100980e4      0x1d5 CMakeFiles/main.dir/main.c.obj
 *fill*         0x00000000100982b9        0x3 
 .rodata.DOImage_new.str1.4
                0x00000000100982bc       0x14 CMakeFiles/main.dir/lib/draw.c.obj
 .rodata.hardware_alarm_claim.str1.4
                0x00000000100982d0       0x22 CMakeFiles/main.dir/pico-sdk/src/rp2_common/hardware_timer/timer.c.obj
 *fill*         0x00000000100982f2        0x2 
 .rodata.panic.str1.4
                0x00000000100982f4       0x10 CMakeFiles/main.dir/pico-sdk/src/rp2_common/pico_runtime/runtime.c.obj
                                         0x12 (size before relaxing)
 .rodata.hard_assertion_failure.str1.4
                0x0000000010098304        0xc CMakeFiles/main.dir/pico-sdk/src/rp2_common/pico_runtime/runtime.c.obj
 .rodata._ftoa.str1.4
                0x0000000010098310       0x15 CMakeFiles/main.dir/pico-sdk/src/rp2_common/pico_printf/printf.c.obj
 *fill*         0x0000000010098325        0x3 
 .rodata._vsnprintf
                0x0000000010098328      0x19c CMakeFiles/main.dir/pico-sdk/src/rp2_common/pico_printf/printf.c.obj
 *fill*         0x00000000100984c4        0x4 
 .rodata.pow10.0
                0x00000000100984c8       0x50 CMakeFiles/main.dir/pico-sdk/src/rp2_common/pico_printf/printf.c.obj
 .rodata.__wrap_malloc.str1.4
                0x0000000010098518        0xe CMakeFiles/main.dir/pico-sdk/src/rp2_common/pico_malloc/pico_malloc.c.obj
 *fill*         0x0000000010098526        0x2 
 .rodata.str1.4
                0x0000000010098528       0x3c CMakeFiles/main.dir/pico-sdk/src/rp2_common/pico_standard_link/binary_info.c.obj
 .rodata.__bi_81
                0x0000000010098564        0xc CMakeFiles/main.dir/pico-sdk/src/rp2_common/pico_standard_link/binary_info.c.obj
 .rodata.__bi_75
                0x0000000010098570        0xc CMakeFiles/main.dir/pico-sdk/src/rp2_common/pico_standard_link/binary_info.c.obj
 .rodata.__bi_44
                0x000000001009857c        0xc CMakeFiles/main.dir/pico-sdk/src/rp2_common/pico_standard_link/binary_info.c.obj
 .rodata.crlf_str.0
                0x0000000010098588        0x2 CMakeFiles/main.dir/pico-sdk/src/rp2_common/pico_stdio/stdio.c.obj
 *fill*         0x000000001009858a        0x2 
 .rodata.str1.4
                0x000000001009858c       0x2c CMakeFiles/main.dir/pico-sdk/src/rp2_common/pico_stdio_uart/stdio_uart.c.obj
 .rodata.__bi_28.4
                0x00000000100985b8        0xc CMakeFiles/main.dir/pico-sdk/src/rp2_common/pico_stdio_uart/stdio_uart.c.obj
 .rodata.__bi_29.5
                0x00000000100985c4        0x8 CMakeFiles/main.dir/pico-sdk/src/rp2_common/pico_stdio_uart/stdio_uart.c.obj
 .rodata.str1.4
                0x00000000100985cc       0x18 CMakeFiles/main.dir/pico-sdk/src/rp2_common/pico_bootsel_via_double_reset/pico_bootsel_via_double_reset.c.obj
 .rodata.__bi_35
                0x00000000100985e4        0xc CMakeFiles/main.dir/pico-sdk/src/rp2_common/pico_bootsel_via_double_reset/pico_bootsel_via_double_reset.c.obj
 .rodata.lcd_module_init.str1.4
                0x00000000100985f0       0x15 lib/lcd/liblcd.a(lcd.c.obj)
 *fill*         0x0000000010098605        0x3 
 .rodata.lcd_init.str1.4
                0x0000000010098608        0xf lib/lcd/liblcd.a(lcd.c.obj)
 *fill*         0x0000000010098617        0x1 
 .rodata.CSWTCH.559
                0x0000000010098618        0x3 lib/lcd/liblcd.a(lcd.c.obj)
 *fill*         0x000000001009861b        0x1 
 .rodata        0x000000001009861c       0x14 lib/lcd/liblcd.a(lcd.c.obj)
 .rodata.QMI8658_init.str1.4
                0x0000000010098630      0x152 lib/QMI8658/libQMI8658.a(QMI8658.c.obj)
 *fill*         0x0000000010098782        0x2 
 .rodata._ctype_
                0x0000000010098784      0x101 /Applications/ArmGNUToolchain/12.2.rel1/arm-none-eabi/bin/../lib/gcc/arm-none-eabi/12.2.1/../../../../arm-none-eabi/lib/thumb/v6-m/nofp/libc.a(libc_a-ctype_.o)
                0x0000000010098784                _ctype_
                0x0000000010098888                . = ALIGN (0x4)
 *fill*         0x0000000010098885        0x3 
 *(SORT_BY_ALIGNMENT(SORT_BY_NAME(.flashdata*)))
                0x0000000010098888                . = ALIGN (0x4)

.rel.dyn        0x0000000010098888        0x0
 .rel.iplt      0x0000000010098888        0x0 /Applications/ArmGNUToolchain/12.2.rel1/arm-none-eabi/bin/../lib/gcc/arm-none-eabi/12.2.1/thumb/v6-m/nofp/crtbegin.o

.ARM.extab
 *(.ARM.extab* .gnu.linkonce.armextab.*)
                0x0000000010098888                __exidx_start = .

.ARM.exidx
 *(.ARM.exidx* .gnu.linkonce.armexidx.*)
                0x0000000010098888                __exidx_end = .
                0x0000000010098888                . = ALIGN (0x4)
                0x0000000010098888                __binary_info_start = .

.binary_info    0x0000000010098888       0x2c
 *(.binary_info.keep.*)
 .binary_info.keep.__bi_ptr889
                0x0000000010098888        0x4 CMakeFiles/main.dir/main.c.obj
 .binary_info.keep.__bi_ptr81
                0x000000001009888c        0x4 CMakeFiles/main.dir/pico-sdk/src/rp2_common/pico_standard_link/binary_info.c.obj
 .binary_info.keep.__bi_ptr75
                0x0000000010098890        0x4 CMakeFiles/main.dir/pico-sdk/src/rp2_common/pico_standard_link/binary_info.c.obj
 .binary_info.keep.__bi_ptr50
                0x0000000010098894        0x4 CMakeFiles/main.dir/pico-sdk/src/rp2_common/pico_standard_link/binary_info.c.obj
 .binary_info.keep.__bi_ptr44
                0x0000000010098898        0x4 CMakeFiles/main.dir/pico-sdk/src/rp2_common/pico_standard_link/binary_info.c.obj
 .binary_info.keep.__bi_ptr38
                0x000000001009889c        0x4 CMakeFiles/main.dir/pico-sdk/src/rp2_common/pico_standard_link/binary_info.c.obj
 .binary_info.keep.__bi_ptr30
                0x00000000100988a0        0x4 CMakeFiles/main.dir/pico-sdk/src/rp2_common/pico_standard_link/binary_info.c.obj
 .binary_info.keep.__bi_ptr22
                0x00000000100988a4        0x4 CMakeFiles/main.dir/pico-sdk/src/rp2_common/pico_standard_link/binary_info.c.obj
 .binary_info.keep.__bi_ptr35
                0x00000000100988a8        0x4 CMakeFiles/main.dir/pico-sdk/src/rp2_common/pico_bootsel_via_double_reset/pico_bootsel_via_double_reset.c.obj
 *(.binary_info.*)
 .binary_info.__bi_ptr29
                0x00000000100988ac        0x4 CMakeFiles/main.dir/pico-sdk/src/rp2_common/pico_stdio_uart/stdio_uart.c.obj
 .binary_info.__bi_ptr28
                0x00000000100988b0        0x4 CMakeFiles/main.dir/pico-sdk/src/rp2_common/pico_stdio_uart/stdio_uart.c.obj
                0x00000000100988b4                __binary_info_end = .
                0x00000000100988b4                . = ALIGN (0x4)
                0x00000000100988b4                __etext = .

.ram_vector_table
                0x0000000020000000       0xc0
 *(.ram_vector_table)
 .ram_vector_table
                0x0000000020000000       0xc0 CMakeFiles/main.dir/pico-sdk/src/rp2_common/pico_runtime/runtime.c.obj
                0x0000000020000000                ram_vector_table

.data           0x00000000200000c0     0x7a60 load address 0x00000000100988b4
                0x00000000200000c0                __data_start__ = .
 *(vtable)
 *(.time_critical*)
 .time_critical.flash_data_load
                0x00000000200000c0       0x20 CMakeFiles/main.dir/main.c.obj
                0x00000000200000c0                flash_data_load
 .time_critical.flash_data
                0x00000000200000e0       0x68 CMakeFiles/main.dir/main.c.obj
                0x00000000200000e0                flash_data
 .time_critical.mutex_enter_blocking
                0x0000000020000148       0x48 CMakeFiles/main.dir/pico-sdk/src/common/pico_sync/mutex.c.obj
                0x0000000020000148                mutex_enter_blocking
 .time_critical.mutex_try_enter
                0x0000000020000190       0x40 CMakeFiles/main.dir/pico-sdk/src/common/pico_sync/mutex.c.obj
                0x0000000020000190                mutex_try_enter
 .time_critical.mutex_exit
                0x00000000200001d0       0x28 CMakeFiles/main.dir/pico-sdk/src/common/pico_sync/mutex.c.obj
                0x00000000200001d0                mutex_exit
 .time_critical.spi_write_blocking
                0x00000000200001f8       0x4c CMakeFiles/main.dir/pico-sdk/src/rp2_common/hardware_spi/spi.c.obj
                0x00000000200001f8                spi_write_blocking
 .time_critical.flash_init_boot2_copyout
                0x0000000020000244       0x30 CMakeFiles/main.dir/pico-sdk/src/rp2_common/hardware_flash/flash.c.obj
 .time_critical.flash_enable_xip_via_boot2
                0x0000000020000274        0xc CMakeFiles/main.dir/pico-sdk/src/rp2_common/hardware_flash/flash.c.obj
 .time_critical.flash_range_erase
                0x0000000020000280       0x80 CMakeFiles/main.dir/pico-sdk/src/rp2_common/hardware_flash/flash.c.obj
                0x0000000020000280                flash_range_erase
 .time_critical.flash_range_program
                0x0000000020000300       0x80 CMakeFiles/main.dir/pico-sdk/src/rp2_common/hardware_flash/flash.c.obj
                0x0000000020000300                flash_range_program
 *(.text*)
 .text          0x0000000020000380        0x4 /Applications/ArmGNUToolchain/12.2.rel1/arm-none-eabi/bin/../lib/gcc/arm-none-eabi/12.2.1/thumb/v6-m/nofp/libgcc.a(_dvmd_tls.o)
                0x0000000020000380                __aeabi_ldiv0
                0x0000000020000380                __aeabi_idiv0
 *fill*         0x0000000020000384        0x4 
 .text.__stub   0x0000000020000388       0x30 linker stubs
                0x00000000200003b8                . = ALIGN (0x4)
 *(.rodata*)
                0x00000000200003b8                . = ALIGN (0x4)
 *(.data*)
 .data.force_no_load
                0x00000000200003b8        0x1 CMakeFiles/main.dir/main.c.obj
                0x00000000200003b8                force_no_load
 *fill*         0x00000000200003b9        0x3 
 .data.last     0x00000000200003bc        0xd CMakeFiles/main.dir/main.c.obj
                0x00000000200003bc                last
 *fill*         0x00000000200003c9        0x3 
 .data.week     0x00000000200003cc       0x18 CMakeFiles/main.dir/main.c.obj
                0x00000000200003cc                week
 .data.week_tr  0x00000000200003e4       0x1c CMakeFiles/main.dir/main.c.obj
                0x00000000200003e4                week_tr
 .data.week_ch  0x0000000020000400       0x1c CMakeFiles/main.dir/main.c.obj
                0x0000000020000400                week_ch
 .data.week_ger
                0x000000002000041c       0x1c CMakeFiles/main.dir/main.c.obj
                0x000000002000041c                week_ger
 .data.week_cn  0x0000000020000438       0x1c CMakeFiles/main.dir/main.c.obj
                0x0000000020000438                week_cn
 .data.week_gb  0x0000000020000454       0x1c CMakeFiles/main.dir/main.c.obj
                0x0000000020000454                week_gb
 .data.week_usa
                0x0000000020000470       0x1c CMakeFiles/main.dir/main.c.obj
                0x0000000020000470                week_usa
 .data.adoi_config
                0x000000002000048c       0x18 CMakeFiles/main.dir/main.c.obj
                0x000000002000048c                adoi_config
 .data.draw_gfx_enabled
                0x00000000200004a4        0x1 CMakeFiles/main.dir/main.c.obj
                0x00000000200004a4                draw_gfx_enabled
 .data.draw_text_enabled
                0x00000000200004a5        0x1 CMakeFiles/main.dir/main.c.obj
                0x00000000200004a5                draw_text_enabled
 *fill*         0x00000000200004a6        0x2 
 .data.temperature
                0x00000000200004a8        0x4 CMakeFiles/main.dir/main.c.obj
                0x00000000200004a8                temperature
 .data.screensaver
                0x00000000200004ac        0x2 CMakeFiles/main.dir/main.c.obj
                0x00000000200004ac                screensaver
 .data.hourglass_y
                0x00000000200004ae        0x2 CMakeFiles/main.dir/main.c.obj
                0x00000000200004ae                hourglass_y
 .data.hourglass_x
                0x00000000200004b0        0x2 CMakeFiles/main.dir/main.c.obj
                0x00000000200004b0                hourglass_x
 *fill*         0x00000000200004b2        0x2 
 .data.gbuf     0x00000000200004b4        0x2 CMakeFiles/main.dir/main.c.obj
                0x00000000200004b4                gbuf
 *fill*         0x00000000200004b6        0x2 
 .data.sleep_frame
                0x00000000200004b8        0x4 CMakeFiles/main.dir/main.c.obj
                0x00000000200004b8                sleep_frame
 .data.blinker  0x00000000200004bc        0x4 CMakeFiles/main.dir/main.c.obj
                0x00000000200004bc                blinker
 .data.dcolors  0x00000000200004c0       0x12 CMakeFiles/main.dir/main.c.obj
                0x00000000200004c0                dcolors
 *fill*         0x00000000200004d2        0x2 
 .data.colors   0x00000000200004d4       0x12 CMakeFiles/main.dir/main.c.obj
                0x00000000200004d4                colors
 .data.changecol
                0x00000000200004e6        0x2 CMakeFiles/main.dir/main.c.obj
                0x00000000200004e6                changecol
 .data.config_images
                0x00000000200004e8       0x24 CMakeFiles/main.dir/main.c.obj
                0x00000000200004e8                config_images
 .data.colt6    0x000000002000050c       0x18 CMakeFiles/main.dir/main.c.obj
                0x000000002000050c                colt6
 .data.colt5    0x0000000020000524       0x18 CMakeFiles/main.dir/main.c.obj
                0x0000000020000524                colt5
 .data.colt4    0x000000002000053c       0x18 CMakeFiles/main.dir/main.c.obj
                0x000000002000053c                colt4
 .data.colt3    0x0000000020000554       0x18 CMakeFiles/main.dir/main.c.obj
                0x0000000020000554                colt3
 .data.colt2    0x000000002000056c       0x18 CMakeFiles/main.dir/main.c.obj
                0x000000002000056c                colt2
 .data.colt1    0x0000000020000584       0x18 CMakeFiles/main.dir/main.c.obj
                0x0000000020000584                colt1
 .data.backgrounds
                0x000000002000059c       0x14 CMakeFiles/main.dir/main.c.obj
                0x000000002000059c                backgrounds
 .data.psize_m  0x00000000200005b0       0x14 CMakeFiles/main.dir/main.c.obj
                0x00000000200005b0                psize_m
 .data.psize_h  0x00000000200005c4       0x14 CMakeFiles/main.dir/main.c.obj
                0x00000000200005c4                psize_h
 .data.texsize  0x00000000200005d8       0x14 CMakeFiles/main.dir/main.c.obj
                0x00000000200005d8                texsize
 .data.textures
                0x00000000200005ec       0x14 CMakeFiles/main.dir/main.c.obj
                0x00000000200005ec                textures
 .data.stars    0x0000000020000600       0x18 CMakeFiles/main.dir/main.c.obj
                0x0000000020000600                stars
 .data.flags    0x0000000020000618       0x18 CMakeFiles/main.dir/main.c.obj
                0x0000000020000618                flags
 .data.positions
                0x0000000020000630       0x18 CMakeFiles/main.dir/main.c.obj
                0x0000000020000630                positions
 .data.p_cn     0x0000000020000648        0x8 CMakeFiles/main.dir/main.c.obj
                0x0000000020000648                p_cn
 .data.p_us     0x0000000020000650        0x8 CMakeFiles/main.dir/main.c.obj
                0x0000000020000650                p_us
 .data.pos_matrix_US
                0x0000000020000658        0x9 CMakeFiles/main.dir/main.c.obj
                0x0000000020000658                pos_matrix_US
 *fill*         0x0000000020000661        0x3 
 .data.pos_matrix_CN
                0x0000000020000664        0xc CMakeFiles/main.dir/main.c.obj
                0x0000000020000664                pos_matrix_CN
 .data.pos_matrix_y
                0x0000000020000670        0x1 CMakeFiles/main.dir/main.c.obj
                0x0000000020000670                pos_matrix_y
 .data.pos_matrix_x
                0x0000000020000671        0x1 CMakeFiles/main.dir/main.c.obj
                0x0000000020000671                pos_matrix_x
 *fill*         0x0000000020000672        0x2 
 .data.tpos     0x0000000020000674       0x12 CMakeFiles/main.dir/main.c.obj
                0x0000000020000674                tpos
 .data.resulti  0x0000000020000686        0x2 CMakeFiles/main.dir/main.c.obj
                0x0000000020000686                resulti
 .data.bat_default
                0x0000000020000688        0x4 CMakeFiles/main.dir/main.c.obj
                0x0000000020000688                bat_default
 .data.bat0     0x000000002000068c       0x20 CMakeFiles/main.dir/main.c.obj
                0x000000002000068c                bat0
 .data.b2s      0x00000000200006ac        0x2 CMakeFiles/main.dir/main.c.obj
                0x00000000200006ac                b2s
 .data.edeg_fine
                0x00000000200006ae        0x2 CMakeFiles/main.dir/main.c.obj
                0x00000000200006ae                edeg_fine
 .data.fdegs    0x00000000200006b0        0xe CMakeFiles/main.dir/main.c.obj
                0x00000000200006b0                fdegs
 .data.flagdeg2b
                0x00000000200006be        0x2 CMakeFiles/main.dir/main.c.obj
                0x00000000200006be                flagdeg2b
 .data.flagdeg1b
                0x00000000200006c0        0x2 CMakeFiles/main.dir/main.c.obj
                0x00000000200006c0                flagdeg1b
 .data.flagdeg2a
                0x00000000200006c2        0x2 CMakeFiles/main.dir/main.c.obj
                0x00000000200006c2                flagdeg2a
 .data.flagdeg1a
                0x00000000200006c4        0x2 CMakeFiles/main.dir/main.c.obj
                0x00000000200006c4                flagdeg1a
 .data.flagdeg2
                0x00000000200006c6        0x2 CMakeFiles/main.dir/main.c.obj
                0x00000000200006c6                flagdeg2
 .data.flagdeg1
                0x00000000200006c8        0x2 CMakeFiles/main.dir/main.c.obj
                0x00000000200006c8                flagdeg1
 .data.flagdeg  0x00000000200006ca        0x2 CMakeFiles/main.dir/main.c.obj
                0x00000000200006ca                flagdeg
 .data.default_time
                0x00000000200006cc        0x8 CMakeFiles/main.dir/main.c.obj
                0x00000000200006cc                default_time
 .data.Font30   0x00000000200006d4        0x8 CMakeFiles/main.dir/main.c.obj
                0x00000000200006d4                Font30
 .data.Font30_table
                0x00000000200006dc     0x6e14 CMakeFiles/main.dir/main.c.obj
                0x00000000200006dc                Font30_table
 .data.Font16   0x00000000200074f0        0x8 CMakeFiles/main.dir/main.c.obj
                0x00000000200074f0                Font16
 .data.Font12   0x00000000200074f8        0x8 CMakeFiles/main.dir/main.c.obj
                0x00000000200074f8                Font12
 .data.Font20   0x0000000020007500        0x8 CMakeFiles/main.dir/main.c.obj
                0x0000000020007500                Font20
 .data.vO       0x0000000020007508        0x4 CMakeFiles/main.dir/lib/draw.c.obj
                0x0000000020007508                vO
 .data.striped_spin_lock_num
                0x000000002000750c        0x1 CMakeFiles/main.dir/pico-sdk/src/rp2_common/hardware_sync/sync.c.obj
 *fill*         0x000000002000750d        0x3 
 .data          0x0000000020007510       0x48 CMakeFiles/main.dir/pico-sdk/src/rp2_common/hardware_irq/irq_handler_chain.S.obj
                0x0000000020007510                irq_handler_chain_slots
                0x0000000020007540                irq_handler_chain_first_slot
                0x000000002000754a                irq_handler_chain_remove_tail
 .data.default_alarm_pool
                0x0000000020007558       0x18 CMakeFiles/main.dir/pico-sdk/src/common/pico_time/time.c.obj
 .data.default_alarm_pool_heap
                0x0000000020007570       0x10 CMakeFiles/main.dir/pico-sdk/src/common/pico_time/time.c.obj
 *fill*         0x0000000020007580        0x0 
 .data.aeabi_bits_funcs
                0x0000000020007580       0x10 CMakeFiles/main.dir/pico-sdk/src/rp2_common/pico_bit_ops/bit_ops_aeabi.S.obj
                0x0000000020007580                aeabi_bits_funcs
                0x0000000020007590                aeabi_bits_funcs_end
 .data.aeabi_mem_funcs
                0x0000000020007590       0x10 CMakeFiles/main.dir/pico-sdk/src/rp2_common/pico_mem_ops/mem_ops_aeabi.S.obj
                0x0000000020007590                aeabi_mem_funcs
                0x00000000200075a0                aeabi_mem_funcs_end
 .data.stdio_uart
                0x00000000200075a0       0x14 CMakeFiles/main.dir/pico-sdk/src/rp2_common/pico_stdio_uart/stdio_uart.c.obj
                0x00000000200075a0                stdio_uart
 .data.i2c1_inst
                0x00000000200075b4        0x8 CMakeFiles/main.dir/pico-sdk/src/rp2_common/hardware_i2c/i2c.c.obj
                0x00000000200075b4                i2c1_inst
 .data.i2c0_inst
                0x00000000200075bc        0x8 CMakeFiles/main.dir/pico-sdk/src/rp2_common/hardware_i2c/i2c.c.obj
                0x00000000200075bc                i2c0_inst
 .data.QMI8658_slave_addr
                0x00000000200075c4        0x1 lib/QMI8658/libQMI8658.a(QMI8658.c.obj)
 *fill*         0x00000000200075c5        0x3 
 .data.__malloc_sbrk_base
                0x00000000200075c8        0x4 /Applications/ArmGNUToolchain/12.2.rel1/arm-none-eabi/bin/../lib/gcc/arm-none-eabi/12.2.1/../../../../arm-none-eabi/lib/thumb/v6-m/nofp/libc.a(libc_a-mallocr.o)
                0x00000000200075c8                __malloc_sbrk_base
 .data.__malloc_trim_threshold
                0x00000000200075cc        0x4 /Applications/ArmGNUToolchain/12.2.rel1/arm-none-eabi/bin/../lib/gcc/arm-none-eabi/12.2.1/../../../../arm-none-eabi/lib/thumb/v6-m/nofp/libc.a(libc_a-mallocr.o)
                0x00000000200075cc                __malloc_trim_threshold
 .data.__malloc_av_
                0x00000000200075d0      0x408 /Applications/ArmGNUToolchain/12.2.rel1/arm-none-eabi/bin/../lib/gcc/arm-none-eabi/12.2.1/../../../../arm-none-eabi/lib/thumb/v6-m/nofp/libc.a(libc_a-mallocr.o)
                0x00000000200075d0                __malloc_av_
 .data._impure_ptr
                0x00000000200079d8        0x4 /Applications/ArmGNUToolchain/12.2.rel1/arm-none-eabi/bin/../lib/gcc/arm-none-eabi/12.2.1/../../../../arm-none-eabi/lib/thumb/v6-m/nofp/libc.a(libc_a-impure.o)
                0x00000000200079d8                _impure_ptr
 *fill*         0x00000000200079dc        0x4 
 .data._impure_data
                0x00000000200079e0      0x120 /Applications/ArmGNUToolchain/12.2.rel1/arm-none-eabi/bin/../lib/gcc/arm-none-eabi/12.2.1/../../../../arm-none-eabi/lib/thumb/v6-m/nofp/libc.a(libc_a-impure.o)
                0x00000000200079e0                _impure_data
                0x0000000020007b00                . = ALIGN (0x4)
 *(.after_data.*)
                0x0000000020007b00                . = ALIGN (0x4)
                0x0000000020007b00                PROVIDE (__mutex_array_start = .)
 *(SORT_BY_NAME(.mutex_array.*))
 *(.mutex_array)
 .mutex_array   0x0000000020007b00        0x8 CMakeFiles/main.dir/pico-sdk/src/rp2_common/pico_stdio/stdio.c.obj
                0x0000000020007b08                PROVIDE (__mutex_array_end = .)
                0x0000000020007b08                . = ALIGN (0x4)
                0x0000000020007b08                PROVIDE (__preinit_array_start = .)
 *(SORT_BY_NAME(.preinit_array.*))
 .preinit_array.00001
                0x0000000020007b08        0x4 CMakeFiles/main.dir/pico-sdk/src/rp2_common/pico_mem_ops/mem_ops_aeabi.S.obj
 .preinit_array.00010
                0x0000000020007b0c        0x4 CMakeFiles/main.dir/pico-sdk/src/rp2_common/pico_bit_ops/bit_ops_aeabi.S.obj
 .preinit_array.00020
                0x0000000020007b10        0x4 CMakeFiles/main.dir/pico-sdk/src/rp2_common/pico_double/double_aeabi.S.obj
 .preinit_array.00020
                0x0000000020007b14        0x4 CMakeFiles/main.dir/pico-sdk/src/rp2_common/pico_float/float_aeabi.S.obj
 *(.preinit_array)
                0x0000000020007b18                PROVIDE (__preinit_array_end = .)
                0x0000000020007b18                . = ALIGN (0x4)
                0x0000000020007b18                PROVIDE (__init_array_start = .)
 *(SORT_BY_NAME(.init_array.*))
 *(.init_array)
 .init_array    0x0000000020007b18        0x4 /Applications/ArmGNUToolchain/12.2.rel1/arm-none-eabi/bin/../lib/gcc/arm-none-eabi/12.2.1/thumb/v6-m/nofp/crtbegin.o
 .init_array    0x0000000020007b1c        0x4 CMakeFiles/main.dir/pico-sdk/src/rp2_common/pico_bootsel_via_double_reset/pico_bootsel_via_double_reset.c.obj
                0x0000000020007b20                PROVIDE (__init_array_end = .)
                0x0000000020007b20                . = ALIGN (0x4)
                [!provide]                        PROVIDE (__fini_array_start = .)
 *(SORT_BY_NAME(.fini_array.*))
 *(.fini_array)
                [!provide]                        PROVIDE (__fini_array_end = .)
 *(.jcr)
                0x0000000020007b20                . = ALIGN (0x4)
                0x0000000020007b20                __data_end__ = .

.tm_clone_table
                0x0000000020007b20        0x0 load address 0x00000000100a0314
 .tm_clone_table
                0x0000000020007b20        0x0 /Applications/ArmGNUToolchain/12.2.rel1/arm-none-eabi/bin/../lib/gcc/arm-none-eabi/12.2.1/thumb/v6-m/nofp/crtbegin.o
 .tm_clone_table
                0x0000000020007b20        0x0 /Applications/ArmGNUToolchain/12.2.rel1/arm-none-eabi/bin/../lib/gcc/arm-none-eabi/12.2.1/thumb/v6-m/nofp/crtend.o

.igot.plt       0x0000000020007b20        0x0 load address 0x00000000100a0314
 .igot.plt      0x0000000020007b20        0x0 /Applications/ArmGNUToolchain/12.2.rel1/arm-none-eabi/bin/../lib/gcc/arm-none-eabi/12.2.1/thumb/v6-m/nofp/crtbegin.o

.uninitialized_ram.magic_location
                0x0000000020007b20        0xc load address 0x00000000100a0314
 .uninitialized_ram.magic_location
                0x0000000020007b20        0xc CMakeFiles/main.dir/pico-sdk/src/rp2_common/pico_bootsel_via_double_reset/pico_bootsel_via_double_reset.c.obj

.uninitialized_data
                0x0000000020007b2c        0x0 load address 0x00000000100a0320
                0x0000000020007b2c                . = ALIGN (0x4)
 *(.uninitialized_data*)

.scratch_x      0x0000000020040000        0x0 load address 0x00000000100a0320
                0x0000000020040000                __scratch_x_start__ = .
 *(.scratch_x.*)
                0x0000000020040000                . = ALIGN (0x4)
                0x0000000020040000                __scratch_x_end__ = .
                0x00000000100a0320                __scratch_x_source__ = LOADADDR (.scratch_x)

.scratch_y      0x0000000020041000        0x0 load address 0x00000000100a0320
                0x0000000020041000                __scratch_y_start__ = .
 *(.scratch_y.*)
                0x0000000020041000                . = ALIGN (0x4)
                0x0000000020041000                __scratch_y_end__ = .
                0x00000000100a0320                __scratch_y_source__ = LOADADDR (.scratch_y)

.bss            0x0000000020007b30     0x6acc
                0x0000000020007b30                . = ALIGN (0x4)
                0x0000000020007b30                __bss_start__ = .
 *(SORT_BY_ALIGNMENT(SORT_BY_NAME(.bss*)))
 .bss.configured_freq
                0x0000000020007b30       0x28 CMakeFiles/main.dir/pico-sdk/src/rp2_common/hardware_clocks/clocks.c.obj
 .bss.default_alarm_pool_entries
                0x0000000020007b58      0x100 CMakeFiles/main.dir/pico-sdk/src/common/pico_time/time.c.obj
 .bss.sd_table  0x0000000020007c58      0x100 CMakeFiles/main.dir/pico-sdk/src/rp2_common/pico_double/double_init_rom.c.obj
                0x0000000020007c58                sd_table
 .bss.sf_table  0x0000000020007d58      0x100 CMakeFiles/main.dir/pico-sdk/src/rp2_common/pico_float/float_init_rom.c.obj
                0x0000000020007d58                sf_table
 .bss.QMI8658_config
                0x0000000020007e58        0x8 lib/QMI8658/libQMI8658.a(QMI8658.c.obj)
 .bss.__lock___malloc_recursive_mutex
                0x0000000020007e60        0x1 /Applications/ArmGNUToolchain/12.2.rel1/arm-none-eabi/bin/../lib/gcc/arm-none-eabi/12.2.1/../../../../arm-none-eabi/lib/thumb/v6-m/nofp/libc.a(libc_a-lock.o)
                0x0000000020007e60                __lock___malloc_recursive_mutex
 *fill*         0x0000000020007e61        0x3 
 .bss.__malloc_current_mallinfo
                0x0000000020007e64       0x28 /Applications/ArmGNUToolchain/12.2.rel1/arm-none-eabi/bin/../lib/gcc/arm-none-eabi/12.2.1/../../../../arm-none-eabi/lib/thumb/v6-m/nofp/libc.a(libc_a-mallocr.o)
                0x0000000020007e64                __malloc_current_mallinfo
 .bss.__malloc_max_sbrked_mem
                0x0000000020007e8c        0x4 /Applications/ArmGNUToolchain/12.2.rel1/arm-none-eabi/bin/../lib/gcc/arm-none-eabi/12.2.1/../../../../arm-none-eabi/lib/thumb/v6-m/nofp/libc.a(libc_a-mallocr.o)
                0x0000000020007e8c                __malloc_max_sbrked_mem
 .bss.__malloc_max_total_mem
                0x0000000020007e90        0x4 /Applications/ArmGNUToolchain/12.2.rel1/arm-none-eabi/bin/../lib/gcc/arm-none-eabi/12.2.1/../../../../arm-none-eabi/lib/thumb/v6-m/nofp/libc.a(libc_a-mallocr.o)
                0x0000000020007e90                __malloc_max_total_mem
 .bss.__malloc_top_pad
                0x0000000020007e94        0x4 /Applications/ArmGNUToolchain/12.2.rel1/arm-none-eabi/bin/../lib/gcc/arm-none-eabi/12.2.1/../../../../arm-none-eabi/lib/thumb/v6-m/nofp/libc.a(libc_a-mallocr.o)
                0x0000000020007e94                __malloc_top_pad
 .bss.__sf      0x0000000020007e98      0x138 /Applications/ArmGNUToolchain/12.2.rel1/arm-none-eabi/bin/../lib/gcc/arm-none-eabi/12.2.1/../../../../arm-none-eabi/lib/thumb/v6-m/nofp/libc.a(libc_a-findfp.o)
                0x0000000020007e98                __sf
 .bss.acc       0x0000000020007fd0        0xc CMakeFiles/main.dir/main.c.obj
                0x0000000020007fd0                acc
 .bss.alarm_callbacks
                0x0000000020007fdc       0x10 CMakeFiles/main.dir/pico-sdk/src/rp2_common/hardware_timer/timer.c.obj
 .bss.b0        0x0000000020007fec        0x4 CMakeFiles/main.dir/main.c.obj
                0x0000000020007fec                b0
 .bss.blink_counter
                0x0000000020007ff0        0x4 CMakeFiles/main.dir/main.c.obj
                0x0000000020007ff0                blink_counter
 .bss.boot2_copyout
                0x0000000020007ff4      0x100 CMakeFiles/main.dir/pico-sdk/src/rp2_common/hardware_flash/flash.c.obj
 .bss.button0_dif
                0x00000000200080f4        0x4 CMakeFiles/main.dir/main.c.obj
                0x00000000200080f4                button0_dif
 .bss.button0_time
                0x00000000200080f8        0x4 CMakeFiles/main.dir/main.c.obj
                0x00000000200080f8                button0_time
 .bss.button1_dif
                0x00000000200080fc        0x4 CMakeFiles/main.dir/main.c.obj
                0x00000000200080fc                button1_dif
 .bss.button1_time
                0x0000000020008100        0x4 CMakeFiles/main.dir/main.c.obj
                0x0000000020008100                button1_time
 .bss.callbacks
                0x0000000020008104        0x8 CMakeFiles/main.dir/pico-sdk/src/rp2_common/hardware_gpio/gpio.c.obj
 .bss.cbuf      0x000000002000810c       0x20 lib/lcd/liblcd.a(lcd.c.obj)
                0x000000002000810c                cbuf
 .bss.cn_buffer
                0x000000002000812c       0x20 CMakeFiles/main.dir/main.c.obj
                0x000000002000812c                cn_buffer
 .bss.colt      0x000000002000814c       0x18 CMakeFiles/main.dir/main.c.obj
                0x000000002000814c                colt
 .bss.combufa   0x0000000020008164      0x100 CMakeFiles/main.dir/main.c.obj
                0x0000000020008164                combufa
 .bss.crcstatus
                0x0000000020008264       0x20 CMakeFiles/main.dir/main.c.obj
                0x0000000020008264                crcstatus
 .bss.dbuf      0x0000000020008284        0x8 CMakeFiles/main.dir/main.c.obj
                0x0000000020008284                dbuf
 .bss.default_alarm_pool_entry_ids_high
                0x000000002000828c       0x10 CMakeFiles/main.dir/pico-sdk/src/common/pico_time/time.c.obj
 .bss.default_alarm_pool_heap_nodes
                0x000000002000829c       0x30 CMakeFiles/main.dir/pico-sdk/src/common/pico_time/time.c.obj
 .bss.doi_config
                0x00000000200082cc        0x4 CMakeFiles/main.dir/main.c.obj
                0x00000000200082cc                doi_config
 .bss.doi_config_cn
                0x00000000200082d0        0x4 CMakeFiles/main.dir/main.c.obj